
ls

pwd

rm 

rm -rf

mkdir

cp

rmdir -f dir

mkdir -m 777 dirname 

==========================================






just needed to include the -store setting. 
the following does the trick perfectly:
============================================
setterm -foreground green -store



Line Editing
============

These Keys can be used to edit text being 
Entered on the command line at bottom of the screen 
	
RightArrow Esc+l 		= Move CUSOR right one CHARECTER.
LeftArrow ESC+H  		= Move Cusor left one charecter.
CNTL+RightArrow ESC+W   = Move cursor right one word. 
CNTL+LeftArrow	ESC+B   = Move cursor left
HOME Esc+o 			    =  Move cursor to start of line
END ESC+$				=   Move cursor 
DELETE Esc+x (SMALL X)	=   DELETE CHARECTER UNDER 

CNTL+DELETE   ESC+DELETE  ESC+X (BIG X) = DELETE WORD UNDER CUSOR.
CNTL+BACKSPACE  ESC+BACKSPACE   = [DELETE WORD TO LEFT OF CURSOR].
CNTL+U 			ESC  = DELETE ENTIRE LINE.
Uparrow 		ESC +K  = RETRIVE PREVIOUS COMMAND LINE
DOWNARROS 		ESC + J = RETRIVE NEXT COMMAND LINE
TAB
SHIFT-TAB 		ESC+TAB = Complete FileName & Reverse cycle
CNTL-L          		= Complete FileName, List All.


===============================================

[chima61@sbhomda8 ~]$ man ls
LS(1)                            User Commands                           LS(1)

NAME
       ls - list directory contents

SYNOPSIS
       ls [OPTION]... [FILE]...

DESCRIPTION
       List information about the FILEs (the current directory by default).  Sort entries alphabetically if none of -cftuvSUX nor --sort.

       Mandatory arguments to long options are mandatory for short options too.

       -a, --all
              do not ignore entries starting with .

       -A, --almost-all
              do not list implied . and ..

       --author
              with -l, print the author of each file

       -b, --escape
              print octal escapes for nongraphic characters

       --block-size=SIZE
              use SIZE-byte blocks

       -B, --ignore-backups
              do not list implied entries ending with ~

       -c     with -lt: sort by, and show, ctime (time of last modification of file status information) with -l: show ctime and sort by name otherwise: sort by ctime

       -C     list entries by columns

       --color[=WHEN]
              control whether color is used to distinguish file types.  WHEN may be ‘never’, ‘always’, or ‘auto’

       -d, --directory
              list directory entries instead of contents, and do not dereference symbolic links

       -D, --dired
              generate output designed for Emacs’ dired mode

       -f     do not sort, enable -aU, disable -lst

       -F, --classify
              append indicator (one of */=>@|) to entries

       --file-type
              likewise, except do not append ‘*’

       -x     list entries by lines instead of by columns

       -X     sort alphabetically by entry extension

       -1     list one file per line

       SELinux options:

       --lcontext
              Display security context.   Enable -l. Lines will probably be too wide for most displays.

       -Z, --context
              Display security context so it fits on most displays.  Displays only mode, user, group, security context and file name.

       --scontext
              Display only security context and file name.

       --help display this help and exit

       --version
              output version information and exit

       SIZE may be (or may be an integer optionally followed by) one of following: kB 1000, K 1024, MB 1000*1000, M 1024*1024, and so on for G, T, P, E, Z, Y.

       By default, color is not used to distinguish types of files.  That is equivalent to using --color=none.  Using the --color option without the optional  WHEN  argument  is
       equivalent to using --color=always.  With --color=auto, color codes are output only if standard output is connected to a terminal (tty).  The environment variable LS_COL-
       ORS can influence the colors, and can be set easily by the dircolors command.

       Exit status is 0 if OK, 1 if minor problems, 2 if serious trouble.

AUTHOR
       Written by Richard Stallman and David MacKenzie.

REPORTING BUGS
       Report bugs to <bug-coreutils@gnu.org>.

COPYRIGHT
       Copyright © 2006 Free Software Foundation, Inc.
       This is free software.  You may redistribute copies of it under the terms of the GNU General Public License <http://www.gnu.org/licenses/gpl.html>.  There is NO WARRANTY,
       to the extent permitted by law.

SEE ALSO
       The full documentation for ls is maintained as a Texinfo manual.  If the info and ls programs are properly installed at your site, the command

              info ls

       should give you access to the complete manual.

       --format=WORD
              across -x, commas -m, horizontal -x, long -l, single-column -1, verbose -l, vertical -C

       --full-time
              like -l --time-style=full-iso

       -g     like -l, but do not list owner

       -G, --no-group
              like -l, but do not list group

       -h, --human-readable
              with -l, print sizes in human readable format (e.g., 1K 234M 2G)

       --si   likewise, but use powers of 1000 not 1024

       -H, --dereference-command-line
              follow symbolic links listed on the command line

       --dereference-command-line-symlink-to-dir
              follow each command line symbolic link that points to a directory

       --hide=PATTERN
              do not list implied entries matching shell PATTERN (overridden by -a or -A)

       --indicator-style=WORD append indicator with style WORD to entry names:
              none (default), slash (-p), file-type (--file-type), classify (-F)

       -i, --inode
              with -l, print the index number of each file

       -I, --ignore=PATTERN
              do not list implied entries matching shell PATTERN

       -k     like --block-size=1K

       -l     use a long listing format

       -L, --dereference
              when showing file information for a symbolic link, show information for the file the link references rather than for the link itself

       -m     fill width with a comma separated list of entries

       -n, --numeric-uid-gid
              like -l, but list numeric user and group IDs

       -N, --literal
              print raw entry names (don’t treat e.g. control characters specially)

       -o     like -l, but do not list group information

       -p, --indicator-style=slash
              append / indicator to directories

       -q, --hide-control-chars
              print ? instead of non graphic characters

       --show-control-chars
              show non graphic characters as-is (default unless program is ‘ls’ and output is a terminal)

       -Q, --quote-name
              enclose entry names in double quotes

       --quoting-style=WORD
              use quoting style WORD for entry names: literal, locale, shell, shell-always, c, escape

       -r, --reverse
              reverse order while sorting

       -R, --recursive
              list subdirectories recursively

       -s, --size
              with -l, print size of each file, in blocks

       -S     sort by file size

       --sort=WORD
              extension -X, none -U, size -S, time -t, version -v, status -c, time -t, atime -u, access -u, use -u

       --time=WORD
              with -l, show time as WORD instead of modification time: atime, access, use, ctime or status; use specified time as sort key if --sort=time

       --time-style=STYLE
              with  -l, show times using style STYLE: full-iso, long-iso, iso, locale, +FORMAT.  FORMAT is interpreted like ‘date’; if FORMAT is FORMAT1<newline>FORMAT2, FORMAT1
              applies to non-recent files and FORMAT2 to recent files; if STYLE is prefixed with ‘posix-’, STYLE takes effect only outside the POSIX locale

       -t     sort by modification time

       -T, --tabsize=COLS
              assume tab stops at each COLS instead of 8

       -u     with -lt: sort by, and show, access time with -l: show access time and sort by name otherwise: sort by access time

       -U     do not sort; list entries in directory order.  In combination with one_per_line format ‘-1’, it will show files immediately and it has no memory limitations.

       -v     sort by version

       -w, --width=COLS

$ ls -la /root

practice : 
==========

[chima61@sbhomda6 raju]$ ls -r
two.txt  ravi  ram  one.txt  foldere  file.txt  file1.txt  exmple.txt
[chima61@sbhomda6 raju]$
[chima61@sbhomda6 raju]$ ls -g
total 6
-rw-r--r-- 1 vzwusers    0 Aug  6 09:13 exmple.txt
-rwxrwxrwx 1 vzwusers   97 Aug 13 09:58 file1.txt
-rwxrwxrwx 1 vzwusers    0 Aug  3 14:04 file.txt
drwxr-xr-x 2 vzwusers 1024 Aug 13 09:09 foldere
-rw----rw- 1 vzwusers   97 Aug  3 12:11 one.txt
-rwxr-xr-x 1 vzwusers   97 Aug 13 10:05 ram
-rwxrwxrwx 1 vzwusers   97 Aug 13 09:58 ravi
-rw-r--r-- 1 vzwusers   65 Aug  3 12:57 two.txt
[chima61@sbhomda6 raju]$ ls -g -t
total 6
-rwxr-xr-x 1 vzwusers   97 Aug 13 10:05 ram
-rwxrwxrwx 1 vzwusers   97 Aug 13 09:58 file1.txt
-rwxrwxrwx 1 vzwusers   97 Aug 13 09:58 ravi
drwxr-xr-x 2 vzwusers 1024 Aug 13 09:09 foldere
-rw-r--r-- 1 vzwusers    0 Aug  6 09:13 exmple.txt
-rwxrwxrwx 1 vzwusers    0 Aug  3 14:04 file.txt
-rw-r--r-- 1 vzwusers   65 Aug  3 12:57 two.txt
-rw----rw- 1 vzwusers   97 Aug  3 12:11 one.txt
[chima61@sbhomda6 raju]$ ls  -t
ram  file1.txt  ravi  foldere  exmple.txt  file.txt  two.txt  one.txt
[chima61@sbhomda6 raju]$ ls -g -t
total 6
-rwxr-xr-x 1 vzwusers   97 Aug 13 10:05 ram
-rwxrwxrwx 1 vzwusers   97 Aug 13 09:58 file1.txt
-rwxrwxrwx 1 vzwusers   97 Aug 13 09:58 ravi
drwxr-xr-x 2 vzwusers 1024 Aug 13 09:09 foldere
-rw-r--r-- 1 vzwusers    0 Aug  6 09:13 exmple.txt
-rwxrwxrwx 1 vzwusers    0 Aug  3 14:04 file.txt
-rw-r--r-- 1 vzwusers   65 Aug  3 12:57 two.txt
-rw----rw- 1 vzwusers   97 Aug  3 12:11 one.txt



===============================================================
grep :
======

grep -o "df" two.txt

The -w option to grep makes it match only the whole words.
We  "-c" can find the number of lines that matches the given string/pattern	


grep -n "" filename
grep -i "" filename

=======================

read write execute
 
user group public
rwx rwx rws

eg 

rwx --- ---
111 000 000
7 0 0


rwx -w- --- 
111 010 000
720

rwx rwx rwx
111 111 111
777

chmod 720 myfile
--- changeing the permsission

touch filename.extention (  to create file)
mkdir (create a folder)
rmdir (delete a folder) woks only if empty
rm -r (deleting a filled directory) 


cd (to change the directory) ( .. is back directory) ( . is corrent directory) (/ root directory)( ~ home directory)


vi filename (to open and change file)\
insert or i button to start editing file
esc + w +q (to same file )
esc + q ( to quite file )

history (command history)
df (check free space)
ps -eaf (running process)
kill process-number (kill the process)


=========================

The same mv command can be used to rename directories

[chima61@sbhomda6 raju]$ ls
exmple.txt  file1.txt  file.txt  foldere  one.txt  ram  ravi  two.txt
[chima61@sbhomda6 raju]$ mv ram raj
[chima61@sbhomda6 raju]$ ls
exmple.txt  file1.txt  file.txt  foldere  one.txt  raj  ravi  two.txt

-----------------------------


The /bin directory contains binaries for use by all users.


/sbin contains binaries to configure the operating system. Many of the system binaries
require root privilege to perform certain tasks.

-------------------------------

[chima61@sbhomda6 raju]$  /lib
-bash: /lib: is a directory
[chima61@sbhomda6 raju]$ ls /lib
bdevid            libaudit.so.0.0.0       libcrypt-2.5.so             libe2p.so.2                   libnss_compat-2.5.so   libpamc.so.0           libsepol.so.1        libwrap.so.0.7.6
cpp               libauparse.so.0         libcrypto.so.0.9.8e         libe2p.so.2.3                 libnss_compat.so.2     libpamc.so.0.81.0      libssl.so.0.9.8e     libz.so
firmware          libauparse.so.0.0.0     libcrypto.so.6              libexpat.so.0                 libnss_db-2.2.so       libpam_misc.so.0       libssl.so.6          libz.so.1
i686              libblkid.so.1           libcrypt.so.1               libexpat.so.0.5.0             libnss_db.so.2         libpam_misc.so.0.81.2  libss.so.2           libz.so.1.2.3
kbd               libblkid.so.1.0         libc.so.6                   libext2fs.so.2                libnss_dns-2.5.so      libpam.so.0            libss.so.2.0         modules
ld-2.5.so         libBrokenLocale-2.5.so  libdb-4.3.so                libext2fs.so.2.4              libnss_dns.so.2        libpam.so.0.81.5       libtermcap.so.2      rtkaio
ld-linux.so.2     libBrokenLocale.so.1    libdevmapper.a              libgcc_s-4.1.2-20080825.so.1  libnss_files-2.5.so    libpthread-2.5.so      libtermcap.so.2.0.8  security
libacl.so.1       libc-2.5.so             libdevmapper-event.a        libgcc_s.so.1                 libnss_files.so.2      libpthread.so.0        libthread_db-1.0.so  udev
libacl.so.1.1.0   libcap.so.1             libdevmapper-event.so       libkeyutils-1.2.so            libnss_hesiod-2.5.so   libresolv-2.5.so       libthread_db.so.1
libanl-2.5.so     libcap.so.1.10          libdevmapper-event.so.1.02  libkeyutils.so.1              libnss_hesiod.so.2     libresolv.so.2         libutil-2.5.so
libanl.so.1       libcidn-2.5.so          libdevmapper.so             libm-2.5.so                   libnss_nis-2.5.so      librt-2.5.so           libutil.so.1
libattr.so.1      libcidn.so.1            libdevmapper.so.1.02        libm.so.6                     libnss_nisplus-2.5.so  librt.so.1             libuuid.so.1
libattr.so.1.1.0  libcom_err.so.2         libdl-2.5.so                libnsl-2.5.so                 libnss_nisplus.so.2    libSegFault.so         libuuid.so.1.2
libaudit.so.0     libcom_err.so.2.1       libdl.so.2                  libnsl.so.1                   libnss_nis.so.2        libselinux.so.1        libwrap.so.0
[chima61@sbhomda6 raju]$ ls /lib/libc*
/lib/libc-2.5.so  /lib/libcap.so.1.10  

-------------------------------------

vi Editing commands
Note: You should be in the "command mode" to execute these commands. VI editor is case-sensitive so make sure you type the commands in the right letter-case.

Keystrokes	Action
i	Insert at cursor (goes into insert mode)
a	Write after cursor (goes into insert mode)
A	Write at the end of line (goes into insert mode)
ESC	Terminate insert mode
u	Undo last change
U	Undo all changes to the entire line
o	Open a new line (goes into insert mode)
dd
3dd	Delete line
Delete 3 lines.
D	Delete contents of line after the cursor
C	Delete contents of a line after the cursor and insert new text. Press ESC key to end insertion.
dw

4dw	Delete word
Delete 4 words

cw	Change word
x	Delete character at the cursor
r	Replace character
R	Overwrite characters from cursor onward
s	Substitute one character under cursor continue to insert
S	Substitute entire line and begin to insert at the beginning of the line
~	Change case of individual character
Make sure you press the right command otherwise you will end up making undesirable changes to the file. You can also enter the insert mode by pressing a, A, o, as required.

Moving within a file
You need to be in the command mode to move within a file. The default keys for navigation are mentioned below else; You can also use the arrow keys on the keyboard.

Keystroke	Use
k	Move cursor up
j	Move cursor down
h	Move cursor left
l	Move cursor right

Saving and Closing the file
You should be in the command mode to exit the editor and save changes to the file.

Keystroke	Use
Shift+zz	Save the file and quit
:w	Save the file but keep it open
:q	Quit without saving
:wq	Save the file and quit

=======================


 scp text.txt chima61@sbhomda6:raju
---------------------------------------------------------------------------------------------------


PRacticing: 
login as: chima61

 ************ WARNING: UNAUTHORIZED PERSONS, DO NOT PROCEED ************

This system is intended to be used solely by authorized users in the course of l                                                                              egitimate corporate business.  Users are monitored to the extent necessary to pr                                                                              operly administer the system, to identify unauthorized users or users operating                                                                               beyond their proper authority, and to investigate improper access or use. By acc                                                                              essing the system, you are consenting to this monitoring.  Additionally, users a                                                                              ccessing this system agree that they understand and will comply with all Verizon                                                                               Information Security and Privacy policies, including policy statements, instruc                                                                              tions, standards and guidelines.

 ************ WARNING: UNAUTHORIZED PERSONS, DO NOT PROCEED ************

chima61@sbhomda8.vzbi.com's password:
Last login: Mon Aug 13 12:07:23 2018 from 14.143.6.99
[chima61@sbhomda8 ~]$
[chima61@sbhomda8 ~]$
[chima61@sbhomda8 ~]$ echo -en "\e]PFffffff"
[chima61@sbhomda8 ~]$ setterm --foreground blue --background white --blink on
setterm: Argument error, usage

setterm
  [ -term terminal_name ]
  [ -reset ]
  [ -initialize ]
  [ -cursor [on|off] ]
  [ -repeat [on|off] ]
  [ -appcursorkeys [on|off] ]
  [ -linewrap [on|off] ]
  [ -default ]
  [ -foreground black|blue|green|cyan|red|magenta|yellow|white|default ]
  [ -background black|blue|green|cyan|red|magenta|yellow|white|default ]
  [ -ulcolor black|grey|blue|green|cyan|red|magenta|yellow|white ]
  [ -ulcolor bright blue|green|cyan|red|magenta|yellow|white ]
  [ -hbcolor black|grey|blue|green|cyan|red|magenta|yellow|white ]
  [ -hbcolor bright blue|green|cyan|red|magenta|yellow|white ]
  [ -inversescreen [on|off] ]
  [ -bold [on|off] ]
  [ -half-bright [on|off] ]
  [ -blink [on|off] ]
  [ -reverse [on|off] ]
  [ -underline [on|off] ]
  [ -store ]
  [ -clear [all|rest] ]
  [ -tabs [ tab1 tab2 tab3 ... ] ]      (tabn = 1-160)
  [ -clrtabs [ tab1 tab2 tab3 ... ] ]   (tabn = 1-160)
  [ -regtabs [1-160] ]
  [ -blank [0-60] ]
  [ -dump   [1-NR_CONSOLES] ]
  [ -append [1-NR_CONSOLES] ]
  [ -file dumpfilename ]
  [ -msg [on|off] ]
  [ -msglevel [0-8] ]
  [ -powersave [on|vsync|hsync|powerdown|off] ]
  [ -powerdown [0-60] ]
  [ -blength [0-2000] ]
  [ -bfreq freqnumber ]
[chima61@sbhomda8 ~]$
[chima61@sbhomda8 ~]$
[chima61@sbhomda8 ~]$
[chima61@sbhomda8 ~]$
[chima61@sbhomda8 ~]$ ls
abc  jk
[chima61@sbhomda8 ~]$ ls -l
total 2
drwxr-xr-x 4 chima61 vzwusers 1024 Jun 13 14:58 abc
drwxr-xr-x 3 chima61 vzwusers 1024 Jun 18 11:05 jk
[chima61@sbhomda8 ~]$ ls /bin
arch                  dnsdomainname  kill             pgawk      tar
awk                   doexec         ksh              ping       taskset
basename              domainname     ksh93            ping6      tcptraceroute
bash                  dumpkeys       link             ps         tcsh
cat                   echo           ln               pwd        touch
chgrp                 ed             loadkeys         raw        tracepath
chmod                 egrep          loadkeys.static  red        tracepath6
chown                 env            logger           rm         traceroute
cp                    ex             login            rmdir      traceroute6
cpio                  false          ls               rpm        tracert
csh                   fgrep          mail             rvi        true
cut                   gawk           mkdir            rview      umount
date                  gettext        mknod            sed        uname
dbus-cleanup-sockets  grep           mktemp           setfont    unicode_start
dbus-daemon           gtar           more             setserial  unicode_stop
dbus-monitor          gunzip         mount            sh         unlink
dbus-send             gzip           mountpoint       sleep      usleep
dbus-uuidgen          hostname       mv               sort       vi
dd                    igawk          netstat          stty       view
df                    ipcalc         nice             su         ypdomainname
dmesg                 kbd_mode       nisdomainname    sync       zcat
[chima61@sbhomda8 ~]$ ls
abc  jk
[chima61@sbhomda8 ~]$ cd jk
[chima61@sbhomda8 jk]$
login as: chima61

 ************ WARNING: UNAUTHORIZED PERSONS, DO NOT PROCEED ************

This system is intended to be used solely by authorized users in the course of legitimate corporate business.  Users are monitored to the extent necessary to properly administer the system, to identify unauthorized users or users operating beyond their proper authority, and to investigate improper access or use. By accessing the system, you are consenting to this monitoring.  Additionally, users accessing this system agree that they understand and will comply with all Verizon Information Security and Privacy policies, including policy statements, instructions, standards and guidelines.

 ************ WARNING: UNAUTHORIZED PERSONS, DO NOT PROCEED ************

chima61@sbhomda8.vzbi.com's password:
Access denied
chima61@sbhomda8.vzbi.com's password:
Last login: Mon Aug 13 12:13:00 2018 from 14.143.6.99
[chima61@sbhomda8 ~]$
[chima61@sbhomda8 ~]$
[chima61@sbhomda8 ~]$ ls
abc  jk
[chima61@sbhomda8 ~]$ ls abc
dd  uu.7z
[chima61@sbhomda8 ~]$ ls
abc  jk
[chima61@sbhomda8 ~]$ pwd
/vzwhome/chima61
[chima61@sbhomda8 ~]$ ls dd
ls: dd: No such file or directory
[chima61@sbhomda8 ~]$ ls abc/dd
KK  text.txt
[chima61@sbhomda8 ~]$ cd abc/dd/
[chima61@sbhomda8 dd]$  scp text.txt chima61@sbhomda6 /raju
/raju: No such file or directory
[chima61@sbhomda8 dd]$  scp text.txt chima61@sbhomda6/raju
cp: omitting directory `text.txt'
[chima61@sbhomda8 dd]$  scp -v text.txt chima61@sbhomda6/raju
Executing: cp text.txt chima61@sbhomda6/raju
cp: omitting directory `text.txt'
[chima61@sbhomda8 dd]$  scp text.txt chima61@sbhomda6:/raju
The authenticity of host 'sbhomda6 (146.1.242.22)' can't be established.
RSA key fingerprint is 35:0e:15:bc:5a:ab:11:32:9b:81:bc:e1:c0:31:cb:b8.
Are you sure you want to continue connecting (yes/no)? yes
Warning: Permanently added 'sbhomda6,146.1.242.22' (RSA) to the list of known hosts.

 ************ WARNING: UNAUTHORIZED PERSONS, DO NOT PROCEED ************

This system is intended to be used solely by authorized users in the course of legitimate corporate business.  Users are monitored to the extent necessary to properly administer the system, to identify unauthorized users or users operating beyond their proper authority, and to investigate improper access or use. By accessing the system, you are consenting to this monitoring.  Additionally, users accessing this system agree that they understand and will comply with all Verizon Information Security and Privacy policies, including policy statements, instructions, standards and guidelines.

 ************ WARNING: UNAUTHORIZED PERSONS, DO NOT PROCEED ************

chima61@sbhomda6's password:
text.txt: not a regular file
[chima61@sbhomda8 dd]$
[chima61@sbhomda8 dd]$ ls
KK  text.txt
[chima61@sbhomda8 dd]$ cd kk
-bash: cd: kk: No such file or directory
[chima61@sbhomda8 dd]$ ls -h text.txt
text.text
[chima61@sbhomda8 dd]$ ls -l text.txt
total 1
drwxr-xr-x 2 chima61 vzwusers 1024 Jun 13 15:01 text.text
[chima61@sbhomda8 dd]$ cat > one.txt
fd
df
fdf
[chima61@sbhomda8 dd]$ cat one.txt
fd
df
fdf
[chima61@sbhomda8 dd]$  scp one.txt chima61@sbhomda6:/raju

 ************ WARNING: UNAUTHORIZED PERSONS, DO NOT PROCEED ************

This system is intended to be used solely by authorized users in the course of legitimate corporate business.  Users are monitored to the extent necessary to properly administer the system, to identify unauthorized users or users operating beyond their proper authority, and to investigate improper access or use. By accessing the system, you are consenting to this monitoring.  Additionally, users accessing this system agree that they understand and will comply with all Verizon Information Security and Privacy policies, including policy statements, instructions, standards and guidelines.

 ************ WARNING: UNAUTHORIZED PERSONS, DO NOT PROCEED ************

chima61@sbhomda6's password:
scp: /raju: Permission denied
[chima61@sbhomda8 dd]$  scp one.txt chima61@sbhomda6:/raju

 ************ WARNING: UNAUTHORIZED PERSONS, DO NOT PROCEED ************

This system is intended to be used solely by authorized users in the course of legitimate corporate business.  Users are monitored to the extent necessary to properly administer the system, to identify unauthorized users or users operating beyond their proper authority, and to investigate improper access or use. By accessing the system, you are consenting to this monitoring.  Additionally, users accessing this system agree that they understand and will comply with all Verizon Information Security and Privacy policies, including policy statements, instructions, standards and guidelines.

 ************ WARNING: UNAUTHORIZED PERSONS, DO NOT PROCEED ************

chima61@sbhomda6's password:
scp: /raju: Permission denied
[chima61@sbhomda8 dd]$  scp one.txt chima61@sbhomda6:/raju/

 ************ WARNING: UNAUTHORIZED PERSONS, DO NOT PROCEED ************

This system is intended to be used solely by authorized users in the course of legitimate corporate business.  Users are monitored to the extent necessary to properly administer the system, to identify unauthorized users or users operating beyond their proper authority, and to investigate improper access or use. By accessing the system, you are consenting to this monitoring.  Additionally, users accessing this system agree that they understand and will comply with all Verizon Information Security and Privacy policies, including policy statements, instructions, standards and guidelines.

 ************ WARNING: UNAUTHORIZED PERSONS, DO NOT PROCEED ************

chima61@sbhomda6's password:
scp: /raju/: Is a directory
[chima61@sbhomda8 dd]$
[chima61@sbhomda8 dd]$
[chima61@sbhomda8 dd]$  scp one.txt chima61@sbhomda6:/raju

 ************ WARNING: UNAUTHORIZED PERSONS, DO NOT PROCEED ************

This system is intended to be used solely by authorized users in the course of l                                                                              egitimate corporate business.  Users are monitored to the extent necessary to pr                                                                              operly administer the system, to identify unauthorized users or users operating                                                                               beyond their proper authority, and to investigate improper access or use. By acc                                                                              essing the system, you are consenting to this monitoring.  Additionally, users a                                                                              ccessing this system agree that they understand and will comply with all Verizon                                                                               Information Security and Privacy policies, including policy statements, instruc                                                                              tions, standards and guidelines.

 ************ WARNING: UNAUTHORIZED PERSONS, DO NOT PROCEED ************

chima61@sbhomda6's password:
scp: /raju: Permission denied
[chima61@sbhomda8 dd]$  scp one.txt chima61@sbhomda6:.

 ************ WARNING: UNAUTHORIZED PERSONS, DO NOT PROCEED ************

This system is intended to be used solely by authorized users in the course of l                                                                              egitimate corporate business.  Users are monitored to the extent necessary to pr                                                                              operly administer the system, to identify unauthorized users or users operating                                                                               beyond their proper authority, and to investigate improper access or use. By acc                                                                              essing the system, you are consenting to this monitoring.  Additionally, users a                                                                              ccessing this system agree that they understand and will comply with all Verizon                                                                               Information Security and Privacy policies, including policy statements, instruc                                                                              tions, standards and guidelines.

 ************ WARNING: UNAUTHORIZED PERSONS, DO NOT PROCEED ************

chima61@sbhomda6's password:
one.txt                                       100%   10     0.0KB/s   00:00
[chima61@sbhomda8 dd]$ ls -l one.txt
-rw-r--r-- 1 chima61 vzwusers 10 Aug 13 13:37 one.txt
[chima61@sbhomda8 dd]$  scp one.txt chima61@sbhomda6:raju

 ************ WARNING: UNAUTHORIZED PERSONS, DO NOT PROCEED ************

This system is intended to be used solely by authorized users in the course of l                                                                              egitimate corporate business.  Users are monitored to the extent necessary to pr                                                                              operly administer the system, to identify unauthorized users or users operating                                                                               beyond their proper authority, and to investigate improper access or use. By acc                                                                              essing the system, you are consenting to this monitoring.  Additionally, users a                                                                              ccessing this system agree that they understand and will comply with all Verizon                                                                               Information Security and Privacy policies, including policy statements, instruc                                                                              tions, standards and guidelines.

 ************ WARNING: UNAUTHORIZED PERSONS, DO NOT PROCEED ************

chima61@sbhomda6's password:
one.txt                                       100%   10     0.0KB/s   00:00
[chima61@sbhomda8 dd]$


..close practicing
----------------------


SCP examples

Copy file from a remote host to local host SCP example:

$ scp username@from_host:file.txt /local/directory/
 

Copy file from local host to a remote host SCP example:

$ scp file.txt username@to_host:/remote/directory/
 

Copy directory from a remote host to local host SCP example:

$ scp -r username@from_host:/remote/directory/  /local/directory/
 

Copy directory from local host to a remote hos SCP examplet:

$ scp -r /local/directory/ username@to_host:/remote/directory/
 

Copy file from remote host to remote host SCP example:

$ scp username@from_host:/remote/directory/file.txt username@to_host:/remote/directory/

-------------------


scp -r  dd chima61@sbhomda6:raju

login int another devbox :

[chima61@sbhomda8 ~]$ ssh sbhomda6 


Prac:
[chima61@sbhomda8 ~]$ ssh sbhomda6

 ************ WARNING: UNAUTHORIZED PERSONS, DO NOT PROCEED ************

This system is intended to be used solely by authorized users in the course of legitimate corporate business.  Users are monitored to the extent necessary to properly administer the system, to identify unauthorized users or users operating beyond their proper authority, and to investigate improper access or use. By accessing the system, you are consenting to this monitoring.  Additionally, users accessing this system agree that they understand and will comply with all Verizon Information Security and Privacy policies, including policy statements, instructions, standards and guidelines.

 ************ WARNING: UNAUTHORIZED PERSONS, DO NOT PROCEED ************

chima61@sbhomda6's password:
Last login: Mon Aug 13 14:08:13 2018 from sbhomda8.vzbi.com


-------------------------------



		Tree command: 
===========================================

login as: chima61

 ************ WARNING: UNAUTHORIZED PERSONS, DO NOT PROCEED ************

This system is intended to be used solely by authorized users in the course of l                                                                                                                     egitimate corporate business.  Users are monitored to the extent necessary to pr                                                                                                                     operly administer the system, to identify unauthorized users or users operating                                                                                                                      beyond their proper authority, and to investigate improper access or use. By acc                                                                                                                     essing the system, you are consenting to this monitoring.  Additionally, users a                                                                                                                     ccessing this system agree that they understand and will comply with all Verizon                                                                                                                      Information Security and Privacy policies, including policy statements, instruc                                                                                                                     tions, standards and guidelines.

 ************ WARNING: UNAUTHORIZED PERSONS, DO NOT PROCEED ************

chima61@sbhomda6.vzbi.com's password:
Last login: Mon Aug  6 08:56:42 2018 from 14.143.6.99
[chima61@sbhomda6 ~]$ pwd
/vzwhome/chima61
[chima61@sbhomda6 ~]$ ls
raju
[chima61@sbhomda6 ~]$ ls -a
.   .bash_history  .bash_profile  .emacs    .profile
..  .bash_logout   .bashrc        .lesshst  raju
[chima61@sbhomda6 ~]$ ls -l
total 1
drwxrwxrwx 3 chima61 vzwusers 1024 Aug  6 09:13 raju
[chima61@sbhomda6 ~]$ whoami
chima61
[chima61@sbhomda6 ~]$ who
sokavi   pts/0        2018-08-13 07:50 (14.143.6.115)
kalaplo  pts/3        2018-08-13 07:37 (114.8.136.164)
gajapsr  pts/5        2018-08-13 05:38 (14.143.6.111)

chima61  pts/24       2018-08-13 08:58 (14.143.6.99)
[chima61@sbhomda6 ~]$ ks
-bash: ks: command not found
[chima61@sbhomda6 ~]$ ls
raju
[chima61@sbhomda6 ~]$ lc
-bash: lc: command not found
[chima61@sbhomda6 ~]$ lf
-bash: lf: command not found
[chima61@sbhomda6 ~]$ lr
-bash: lr: command not found
[chima61@sbhomda6 ~]$
[chima61@sbhomda6 ~]$
[chima61@sbhomda6 ~]$
[chima61@sbhomda6 ~]$
[chima61@sbhomda6 ~]$
[chima61@sbhomda6 ~]$ mkdir one
[chima61@sbhomda6 ~]$ ls
one  raju
[chima61@sbhomda6 ~]$ ls -l one
total 0
[chima61@sbhomda6 ~]$ ls -l one/
total 0
[chima61@sbhomda6 ~]$ ls -l
total 2
drwxr-xr-x 2 chima61 vzwusers 1024 Aug 13 09:00 one
drwxrwxrwx 3 chima61 vzwusers 1024 Aug  6 09:13 raju
[chima61@sbhomda6 ~]$ chmod 777 one
[chima61@sbhomda6 ~]$ ls -l
total 2
drwxrwxrwx 2 chima61 vzwusers 1024 Aug 13 09:00 one
drwxrwxrwx 3 chima61 vzwusers 1024 Aug  6 09:13 raju
[chima61@sbhomda6 ~]$ chmod 751
chmod: missing operand after `751'
Try `chmod --help' for more information.
[chima61@sbhomda6 ~]$ chmod 751 one
[chima61@sbhomda6 ~]$ ls
one  raju
[chima61@sbhomda6 ~]$ ls
one  raju
[chima61@sbhomda6 ~]$ ls -l
total 2
drwxr-x--x 2 chima61 vzwusers 1024 Aug 13 09:00 one
drwxrwxrwx 3 chima61 vzwusers 1024 Aug  6 09:13 raju
[chima61@sbhomda6 ~]$
[chima61@sbhomda6 ~]$ df
Filesystem           1K-blocks      Used Available Use% Mounted on
/dev/mapper/vgroot-lvroot
                       1015704    641160    322116  67% /
/dev/mapper/vgroot-lvusr
                       2031440   1046636    879948  55% /usr
/dev/mapper/vgroot-lvtmp
                       1015704     37960    925316   4% /tmp
/dev/mapper/vgroot-lvvar
                       3047184    952576   1937324  33% /var
/dev/sda3              2022992    954972    963600  50% /var/crash
/dev/mapper/vgroot-lvhome
                        507748    162652    318882  34% /home

[chima61@sbhomda6 ~]$ df -g
df: invalid option -- g



[chima61@sbhomda6 ~]$ df -h

Filesystem            Size  Used Avail Use% Mounted on
/dev/mapper/vgroot-lvroot
                      992M  627M  315M  67% /
/dev/mapper/vgroot-lvusr
                      2.0G 1023M  860M  55% /usr
/dev/mapper/vgroot-lvtmp
                      992M   38M  904M   4% /tmp
/dev/mapper/vgroot-lvvar
                      3.0G  931M  1.9G  33% /var
/dev/sda3             2.0G  933M  942M  50% /var/crash
/dev/mapper/vgroot-lvhome
/dev/mapper/vgdata-lvapps
                       46G  5.9G   38G  14% /opt/apps
/dev/mapper/vgdata-lvexport
                      291G  253G   23G  92% /export

/dev/mapper/vgdata-lvoracle
                      5.0G  2.8G  2.0G  60% /opt/oracle


[chima61@sbhomda6 ~]$

[chima61@sbhomda6 ~]$
[chima61@sbhomda6 ~]$ df -h
Filesystem            Size  Used Avail Use% Mounted on
/dev/mapper/vgroot-lvroot
                      992M  627M  315M  67% /
/dev/mapper/vgroot-lvusr
                      2.0G 1023M  860M  55% /usr
/dev/mapper/vgroot-lvtmp
                      992M   38M  904M   4% /tmp
/dev/mapper/vgroot-lvvar
                      3.0G  931M  1.9G  33% /var
/dev/sda3             2.0G  933M  942M  50% /var/crash
/dev/mapper/vgroot-lvhome
                      496M  159M  312M  34% /home
/dev/mapper/vgroot-lvlocal
                      496M  228M  243M  49% /usr/local
/dev/mapper/vgroot-lvapps
                      2.0G  1.2G  654M  66% /apps
/dev/mapper/vgroot-lvtivolicit
                      992M   34M  908M   4% /apps/opt/tivoli/cit
/dev/mapper/vgroot-lvtivoli
                      496M   19M  452M   4% /apps/opt/tivoli_lcf
/dev/mapper/vgroot-lvseos



[chima61@sbhomda6 ~]$ pwd
/vzwhome/chima61
[chima61@sbhomda6 ~]$ ls
one  raju
[chima61@sbhomda6 ~]$ one df -h
-bash: one: command not found
[chima61@sbhomda6 ~]$
[chima61@sbhomda6 ~]$
[chima61@sbhomda6 ~]$ du
1       ./raju/foldere
4       ./raju
1       ./one
14      .
[chima61@sbhomda6 ~]$ cd raju/
[chima61@sbhomda6 raju]$ ls
exmple.txt  file1.txt  file.txt  foldere  one.txt  two.txt
[chima61@sbhomda6 raju]$ cd foldere/
[chima61@sbhomda6 foldere]$ ls
[chima61@sbhomda6 foldere]$
[chima61@sbhomda6 foldere]$
[chima61@sbhomda6 foldere]$ pwd
/vzwhome/chima61/raju/foldere
[chima61@sbhomda6 foldere]$ ls
[chima61@sbhomda6 foldere]$ touch one two three four five
[chima61@sbhomda6 foldere]$ ls
five  four  one  three  two
[chima61@sbhomda6 foldere]$ cd one
-bash: cd: one: Not a directory
[chima61@sbhomda6 foldere]$ ls -l
total 0
-rw-r--r-- 1 chima61 vzwusers 0 Aug 13 09:08 five
-rw-r--r-- 1 chima61 vzwusers 0 Aug 13 09:08 four
-rw-r--r-- 1 chima61 vzwusers 0 Aug 13 09:08 one
-rw-r--r-- 1 chima61 vzwusers 0 Aug 13 09:08 three
-rw-r--r-- 1 chima61 vzwusers 0 Aug 13 09:08 two
[chima61@sbhomda6 foldere]$ rename one one.txt
[chima61@sbhomda6 foldere]$ ls
five  four  one  three  two
[chima61@sbhomda6 foldere]$ cp six.txt
cp: missing destination file operand after `six.txt'
Try `cp --help' for more information.
[chima61@sbhomda6 foldere]$ cp> six.txt


[chima61@sbhomda6 foldere]$ chmod 777 one
[chima61@sbhomda6 foldere]$ ls
five  four  one  six.txt  three  two
[chima61@sbhomda6 foldere]$ ls -l
total 1
-rw-r--r-- 1 chima61 vzwusers  0 Aug 13 09:08 five
-rw-r--r-- 1 chima61 vzwusers  0 Aug 13 09:08 four
-rwxrwxrwx 1 chima61 vzwusers  0 Aug 13 09:08 one
-rw-r--r-- 1 chima61 vzwusers 1
[chima61@sbhomda6 foldere]$ ls
five  four  one  six.txt  three  two
[chima61@sbhomda6 foldere]$ ls
five  four  one  six.txt  three  two
[chima61@sbhomda6 foldere]$ pwd
/vzwhome/chima61/raju/foldere
[chima61@sbhomda6 foldere]$ cd ../..
[chima61@sbhomda6 ~]$ ls
one  raju
[chima61@sbhomda6 ~]$ cd  raju/
[chima61@sbhomda6 raju]$ ls -h
exmple.txt  file1.txt  file.txt  foldere  one.txt  two.txt
[chima61@sbhomda6 raju]$ s
-bash: s: command not found
[chima61@sbhomda6 raju]$ ld
ld: no input files
[chima61@sbhomda6 raju]$ ls
exmple.txt  file1.txt  file.txt  foldere  one.txt  two.txt


[chima61@sbhomda6 raju]$ ls -l file1.txt
-r--rwxr-x 1 chima61 vzwusers 0 Aug  3 14:04 file1.txt

[chima61@sbhomda6 raju]$ chmod 777 file1.txt
[chima61@sbhomda6 raju]$ vi file1.txt
[chima61@sbhomda6 raju]$ vi file1.txt
[chima61@sbhomda6 raju]$ ls
exmple.txt  file1.txt  file.txt  foldere  one.txt  two.txt
[chima61@sbhomda6 raju]$ cp file1.txt  ravi/
cp: cannot create regular file `ravi/': Is a directory


[chima61@sbhomda6 raju]$ cp af file1.txt  ravi/
cp: target `ravi/' is not a directory
[chima61@sbhomda6 raju]$ cp -af file1.txt  ravi/
cp: cannot create regular file `ravi/': Is a directory
[chima61@sbhomda6 raju]$ cp -af file1.txt  ravi
[chima61@sbhomda6 raju]$ ls
exmple.txt  file1.txt  file.txt  foldere  one.txt  ravi  two.txt
[chima61@sbhomda6 raju]$ cp file1.txt ram
[chima61@sbhomda6 raju]$ ls
exmple.txt  file1.txt  file.txt  foldere  one.txt  ram  ravi  two.txt
[chima61@sbhomda6 raju]$ chmod ram
chmod: missing operand after `ram'
Try `chmod --help' for more information.
[chima61@sbhomda6 raju]$ ls -l ram
-rwxr-xr-x 1 chima61 vzwusers 97 Aug 13 10:05 ram
[chima61@sbhomda6 raju]$ ls
exmple.txt  file1.txt  file.txt  foldere  one.txt  ram  ravi  two.txt
[chima61@sbhomda6 raju]$ ls -s
total 6
0 exmple.txt  1 file1.txt  0 file.txt  1 foldere  1 one.txt  1 ram  1 ravi  1 two.txt
[chima61@sbhomda6 raju]$ ls -r
two.txt  ravi  ram  one.txt  foldere  file.txt  file1.txt  exmple.txt
[chima61@sbhomda6 raju]$
[chima61@sbhomda6 raju]$ ls -g
total 6
-rw-r--r-- 1 vzwusers    0 Aug  6 09:13 exmple.txt
-rwxrwxrwx 1 vzwusers   97 Aug 13 09:58 file1.txt
-rwxrwxrwx 1 vzwusers    0 Aug  3 14:04 file.txt
drwxr-xr-x 2 vzwusers 1024 Aug 13 09:09 foldere
-rw----rw- 1 vzwusers   97 Aug  3 12:11 one.txt
-rwxr-xr-x 1 vzwusers   97 Aug 13 10:05 ram
-rwxrwxrwx 1 vzwusers   97 Aug 13 09:58 ravi
-rw-r--r-- 1 vzwusers   65 Aug  3 12:57 two.txt
[chima61@sbhomda6 raju]$ ls -g -t
total 6
-rwxr-xr-x 1 vzwusers   97 Aug 13 10:05 ram
-rwxrwxrwx 1 vzwusers   97 Aug 13 09:58 file1.txt
-rwxrwxrwx 1 vzwusers   97 Aug 13 09:58 ravi
drwxr-xr-x 2 vzwusers 1024 Aug 13 09:09 foldere
-rw-r--r-- 1 vzwusers    0 Aug  6 09:13 exmple.txt
-rwxrwxrwx 1 vzwusers    0 Aug  3 14:04 file.txt
-rw-r--r-- 1 vzwusers   65 Aug  3 12:57 two.txt
-rw----rw- 1 vzwusers   97 Aug  3 12:11 one.txt

[chima61@sbhomda6 raju]$ ls  -t
ram  file1.txt  ravi  foldere  exmple.txt  file.txt  two.txt  one.txt

[chima61@sbhomda6 raju]$ ls -g -t
total 6
-rwxr-xr-x 1 vzwusers   97 Aug 13 10:05 ram
-rwxrwxrwx 1 vzwusers   97 Aug 13 09:58 file1.txt
-rwxrwxrwx 1 vzwusers   97 Aug 13 09:58 ravi
drwxr-xr-x 2 vzwusers 1024 Aug 13 09:09 foldere
-rw-r--r-- 1 vzwusers    0 Aug  6 09:13 exmple.txt
-rwxrwxrwx 1 vzwusers    0 Aug  3 14:04 file.txt
-rw-r--r-- 1 vzwusers   65 Aug  3 12:57 two.txt
-rw----rw- 1 vzwusers   97 Aug  3 12:11 one.txt


[chima61@sbhomda6 raju]$ ls
exmple.txt  file1.txt  file.txt  foldere  one.txt  ram  ravi  two.txt
[chima61@sbhomda6 raju]$ mv ram raj
[chima61@sbhomda6 raju]$ ls
exmple.txt  file1.txt  file.txt  foldere  one.txt  raj  ravi  two.txt
[chima61@sbhomda6 raju]$ pwd
/vzwhome/chima61/raju
[chima61@sbhomda6 raju]$ ls
exmple.txt  file1.txt  file.txt  foldere  one.txt  raj  ravi  two.txt
[chima61@sbhomda6 raju]$
[chima61@sbhomda6 raju]$
[chima61@sbhomda6 raju]$
[chima61@sbhomda6 raju]$ ls
exmple.txt  file1.txt  file.txt  foldere  one.txt  raj  ravi  two.txt

[chima61@sbhomda6 raju]$ ls /bin
arch      chown                 dbus-daemon   dnsdomainname  env      gtar      kill             logger  more           pgawk  rm       setserial  tar            traceroute     unicode_stop
awk       cp                    dbus-monitor  doexec         ex       gunzip    ksh              login   mount          ping   rmdir    sh         taskset        traceroute6    unlink
basename  cpio                  dbus-send     domainname     false    gzip      ksh93            ls      mountpoint     ping6  rpm      sleep      tcptraceroute  tracert        usleep
bash      csh                   dbus-uuidgen  dumpkeys       fgrep    hostname  link             mail    mv             ps     rvi      sort       tcsh           true           vi
cat       cut                   dd            echo           gawk     igawk     ln               mkdir   netstat        pwd    rview    stty       touch          umount         view
chgrp     date                  df            ed             gettext  ipcalc    loadkeys         mknod   nice           raw    sed      su         tracepath      uname          ypdomainname
chmod     dbus-cleanup-sockets  dmesg         egrep          grep     kbd_mode  loadkeys.static  mktemp  nisdomainname  red    setfont  sync       tracepath6     unicode_start  zcat

[chima61@sbhomda6 raju]$
[chima61@sbhomda6 raju]$
[chima61@sbhomda6 raju]$
[chima61@sbhomda6 raju]$
[chima61@sbhomda6 raju]$ ls

exmple.txt  file1.txt  file.txt  foldere  one.txt  raj  ravi  two.txt
[chima61@sbhomda6 raju]$ sort

[5]+  Stopped                 sort
[chima61@sbhomda6 raju]$ man sort

[6]+  Stopped                 man sort
[chima61@sbhomda6 raju]$ ls /sbin
accton           dhcp6c           fsfreeze                ip6tables-restore  lsmod              mkinitrd                       multipath                rdisc            slattach
addpart          dm_dso_reg_tool  fstab-decode            ip6tables-save     lspci              mkswap                         multipathd               rdump            sln
agetty           dmeventd         fuser                   ipmaddr            lspcmcia           modinfo                        multipath.static         rdump.static     start_udev
arp              dmevent_tool     generate-modprobe.conf  iptables           lsusb              modprobe                       nameif                   reboot           sulogin
arping           dmraid           genhostid               iptables-restore   lvm                mount.nfs                      nash                     resize2fs        swapoff
audispd          dmraid.static    getkey                  iptables-save      lvm.static         mount.nfs4                     netplugd                 restore          swapon
auditctl         dmsetup          grub                    iptunnel           MAKEDEV            mpath_ctl                      netreport                restorecon       sysctl
auditd           dmsetup.static   grubby                  iscsiadm           makedumpfile       mpath_prio_alua                new-kernel-pkg           restore.static   syslogd
aureport         dosfsck          grub-install            iscsid             mcstransd          mpath_prio_alua.static         nologin                  rmmod            tc
ausearch         dosfslabel       grub-md5-crypt          iscsi-iname        mdadm              mpath_prio_emc                 ntpd                     rmt              telinit
autrace          dump             grub-terminfo           iscsistart         mdadm.static       mpath_prio_emc.static          ntpdate                  rngd             tune2fs
badblocks        dumpe2fs         halt                    iscsiuio           mdassemble.static  mpath_prio_hds_modular         pam_console_apply        route            udevcontrol
blkid            dump.static      hdparm                  iwconfig           mdmpd              mpath_prio_hds_modular.static  pam_tally                rpc.lockd        udevd
blockdev         e2fsck           hwclock                 iwevent            mgetty             mpath_prio_hp_sw               pam_tally2               rpc.statd        udevd.static
busybox          e2image          ifcfg                   iwgetid            microcode_ctl      mpath_prio_hp_sw.static        pam_timestamp_check      rrestore         udevsettle
cbq              e2label          ifconfig                iwlist             mii-diag           mpath_prio_intel               parted                   rrestore.static  udevtrigger
cciss_id         ether-wake       ifdown                  iwpriv             mii-tool           mpath_prio_intel.static        partprobe                rtmon            umount.nfs
change_console   ethtool          ifenslave               iwspy              mingetty           mpath_prio_netapp              partx                    runlevel         umount.nfs4
chkconfig        fdisk            ifrename                kdump              mkbootdisk         mpath_prio_netapp.static       pccardctl                runuser          unix_chkpwd
clock            findfs           ifup                    kexec              mkdosfs            mpath_prio_ontap               pcmcia-check-broken-cis  scsi_id          unix_update
consoletype      firmware_helper  init                    killall5           mkdumprd           mpath_prio_ontap.static        pcmcia-socket-startup    service          update-pciids
cryptsetup       fixfiles         initlog                 klogd              mke2fs             mpath_prio_rdac                pidof                    setfiles         vconfig
ctrlaltdel       fsck             insmod                  kpartx             mkfs               mpath_prio_rdac.static         pivot_root               setkey           vgchange
debugfs          fsck.cramfs      insmod.static           kpartx.static      mkfs.cramfs        mpath_prio_tpc                 plipconfig               setpci           vgscan
delpart          fsck.ext2        install-info            kudzu              mkfs.ext2          mpath_prio_tpc.static          portmap                  setsysfont       weak-modules
depmod           fsck.ext3        installkernel           ldconfig           mkfs.ext3          mpath_prio_weighted            poweroff                 sfdisk
dhclient         fsck.msdos       ip                      logsave            mkfs.msdos         mpath_prio_weighted.static     ppp-watch                sgpio
dhclient-script  fsck.vfat        ip6tables               losetup            mkfs.vfat          mpath_wait                     pvscan                   shutdown
[chima61@sbhomda6 raju]$  /lib
-bash: /lib: is a directory
[chima61@sbhomda6 raju]$ ls /lib
bdevid            libaudit.so.0.0.0       libcrypt-2.5.so             libe2p.so.2                   libnss_compat-2.5.so   libpamc.so.0           libsepol.so.1        libwrap.so.0.7.6
cpp               libauparse.so.0         libcrypto.so.0.9.8e         libe2p.so.2.3                 libnss_compat.so.2     libpamc.so.0.81.0      libssl.so.0.9.8e     libz.so
firmware          libauparse.so.0.0.0     libcrypto.so.6              libexpat.so.0                 libnss_db-2.2.so       libpam_misc.so.0       libssl.so.6          libz.so.1
i686              libblkid.so.1           libcrypt.so.1               libexpat.so.0.5.0             libnss_db.so.2         libpam_misc.so.0.81.2  libss.so.2           libz.so.1.2.3
kbd               libblkid.so.1.0         libc.so.6                   libext2fs.so.2                libnss_dns-2.5.so      libpam.so.0            libss.so.2.0         modules
ld-2.5.so         libBrokenLocale-2.5.so  libdb-4.3.so                libext2fs.so.2.4              libnss_dns.so.2        libpam.so.0.81.5       libtermcap.so.2      rtkaio
ld-linux.so.2     libBrokenLocale.so.1    libdevmapper.a              libgcc_s-4.1.2-20080825.so.1  libnss_files-2.5.so    libpthread-2.5.so      libtermcap.so.2.0.8  security
libacl.so.1       libc-2.5.so             libdevmapper-event.a        libgcc_s.so.1                 libnss_files.so.2      libpthread.so.0        libthread_db-1.0.so  udev
libacl.so.1.1.0   libcap.so.1             libdevmapper-event.so       libkeyutils-1.2.so            libnss_hesiod-2.5.so   libresolv-2.5.so       libthread_db.so.1
libanl-2.5.so     libcap.so.1.10          libdevmapper-event.so.1.02  libkeyutils.so.1              libnss_hesiod.so.2     libresolv.so.2         libutil-2.5.so
libanl.so.1       libcidn-2.5.so          libdevmapper.so             libm-2.5.so                   libnss_nis-2.5.so      librt-2.5.so           libutil.so.1
libattr.so.1      libcidn.so.1            libdevmapper.so.1.02        libm.so.6                     libnss_nisplus-2.5.so  librt.so.1             libuuid.so.1
libattr.so.1.1.0  libcom_err.so.2         libdl-2.5.so                libnsl-2.5.so                 libnss_nisplus.so.2    libSegFault.so         libuuid.so.1.2
libaudit.so.0     libcom_err.so.2.1       libdl.so.2                  libnsl.so.1                   libnss_nis.so.2        libselinux.so.1        libwrap.so.0
[chima61@sbhomda6 raju]$ ls /lib/libc*
/lib/libc-2.5.so  /lib/libcap.so.1.10  /lib/libcidn.so.1     /lib/libcom_err.so.2.1  /lib/libcrypto.so.0.9.8e  /lib/libcrypt.so.1
/lib/libcap.so.1  /lib/libcidn-2.5.so  /lib/libcom_err.so.2  /lib/libcrypt-2.5.so    /lib/libcrypto.so.6       /lib/libc.so.6
[chima61@sbhomda6 raju]$
[chima61@sbhomda6 raju]$
[chima61@sbhomda6 raju]$ ls /etc
acpi                        fstab.altboot_remove.             logwatch                                      pb.settings                  selinux
adjtime                     fstab.broot                       lvm                                           pcmcia                       sensors.conf
aliases                     fstab.PREaltboot.130618-17:03:47  mailcap                                       php.d                        services
alternatives                fstab.root                        mail.rc                                       php.ini                      services.Mar-04-2013.ORIG
anacrontab                  gcrypt                            makedev.d                                     pinforc                      services.May-20-2014.ORIG
at.deny                     gofer                             man.config                                    pki                          sestatus.conf
audisp                      gpm-root.conf                     mcelog.conf                                   pm                           setuptool.d
audit                       group                             mgetty+sendfax                                ppp                          shadow
autofs_ldap_auth.conf       group-                            mime.types                                    prelink.cache                shadow-
auto.master                 group.pre_seos                    mke2fs.conf                                   prelink.conf                 shadow.old
auto.master.20171012184537  group.pre_userdel.041718          modprobe.conf                                 prelink.conf.d               shadow.pre-deploy-LIAutoMon.01-24-2014_16:30
auto.misc                   grub.conf                         modprobe.conf.old.0                           previousrootpass-history     shadow.pre-deploy-LIpatrol.03-04-2013_14:24
auto.net                    gshadow                           modprobe.d                                    printcap                     shadow.pre-deploy-LIpatrol.05-28-2014_15:23
auto.smb                    gshadow-                          motd                                          profile                      shadow.pre-deploy-LIvzptrl.03-04-2013_14:32
bash_completion.d           gssapi_mech.conf                  mtab                                          profile.130304:14:24:38      shadow.pre-deploy-LIvzptrl.05-28-2014_15:30
bashrc                      gtk-2.0                           mtools.conf                                   profile.bak                  shadow.pre_userdel.041718
bgs                         hal                               multipath.conf                                profile.d                    shadow.SeOS.bak
blkid                       host.conf                         my.cnf                                        profile.preseos.030413       shadow.SeOS.bak.bak
fstab.130618:17:03:48       logrotate.conf                    pb.cfg                                        securetty                    yum.conf
fstab.2014-05-28            logrotate.d                       pb.key                                        security                     yum.repos.d


[chima61@sbhomda6 raju]$ ls /etc/*.conf
/etc/autofs_ldap_auth.conf  /etc/grub.conf         /etc/initlog.conf  /etc/ld.so.conf      /etc/mcelog.conf    /etc/multipath.conf  /etc/reader.conf    /etc/smartd.conf    /etc/xinetd.conf
/etc/conman.conf            /etc/gssapi_mech.conf  /etc/kdump.conf    /etc/libaudit.conf   /etc/mke2fs.conf    /etc/nsswitch.conf   /etc/resolv.conf    /etc/sysctl.conf    /etc/yum.conf
/etc/dhcp6c.conf            /etc/host.conf         /etc/krb5.conf     /etc/libuser.conf    /etc/modprobe.conf  /etc/ntp.conf        /etc/sensors.conf   /etc/syslog.conf
/etc/gpm-root.conf          /etc/idmapd.conf       /etc/ldap.conf     /etc/logrotate.conf  /etc/mtools.conf    /etc/prelink.conf    /etc/sestatus.conf  /etc/updatedb.conf

[chima61@sbhomda6 raju]$

login as:
login as: chima61

 ************ WARNING: UNAUTHORIZED PERSONS, DO NOT PROCEED ************

This system is intended to be used solely by authorized users in the course of legitimate corporate business.  Users are monitored to the extent necessary to properly administer the system, to identify unauthorized users or users operating beyond their proper authority, and to investigate improper access or use. By accessing the system, you are consenting to this monitoring.  Additionally, users accessing this system agree that they understand and will comply with all Verizon Information Security and Privacy policies, including policy statements, instructions, standards and guidelines.

 ************ WARNING: UNAUTHORIZED PERSONS, DO NOT PROCEED ************

chima61@sbhomda6.vzbi.com's password:
Access denied
chima61@sbhomda6.vzbi.com's password:
Last login: Mon Aug 13 08:58:24 2018 from 14.143.6.99
[chima61@sbhomda6 ~]$
[chima61@sbhomda6 ~]$
[chima61@sbhomda6 ~]$
[chima61@sbhomda6 ~]$
[chima61@sbhomda6 ~]$
login as: chima61

 ************ WARNING: UNAUTHORIZED PERSONS, DO NOT PROCEED ************

This system is intended to be used solely by authorized users in the course of l                                                                                                                     egitimate corporate business.  Users are monitored to the extent necessary to pr                                                                                                                     operly administer the system, to identify unauthorized users or users operating                                                                                                                      beyond their proper authority, and to investigate improper access or use. By acc                                                                                                                     essing the system, you are consenting to this monitoring.  Additionally, users a                                                                                                                     ccessing this system agree that they understand and will comply with all Verizon                                                                                                                      Information Security and Privacy policies, including policy statements, instruc                                                                                                                     tions, standards and guidelines.

 ************ WARNING: UNAUTHORIZED PERSONS, DO NOT PROCEED ************

chima61@sbhomda6.vzbi.com's password:
Last login: Mon Aug 13 11:53:46 2018 from 14.143.6.99
[chima61@sbhomda6 ~]$
[chima61@sbhomda6 ~]$
[chima61@sbhomda6 ~]$ ls
one  raju
[chima61@sbhomda6 ~]$ ls raju
exmple.txt  file1.txt  file.txt  foldere  one.txt  raj  ravi  two.txt
[chima61@sbhomda6 ~]$ ls -l raju
total 6
-rw-r--r-- 1 chima61 vzwusers    0 Aug  6 09:13 exmple.txt
-rwxrwxrwx 1 chima61 vzwusers   97 Aug 13 09:58 file1.txt
-rwxrwxrwx 1 chima61 vzwusers    0 Aug  3 14:04 file.txt
drwxr-xr-x 2 chima61 vzwusers 1024 Aug 13 09:09 foldere
-rw----rw- 1 chima61 vzwusers   97 Aug  3 12:11 one.txt
-rwxr-xr-x 1 chima61 vzwusers   97 Aug 13 10:05 raj
-rwxrwxrwx 1 chima61 vzwusers   97 Aug 13 09:58 ravi
-rw-r--r-- 1 chima61 vzwusers   65 Aug  3 12:57 two.txt

[chima61@sbhomda6 ~]$ ls -l
total 2
drwxr-x--x 2 chima61 vzwusers 1024 Aug 13 09:00 one
drwxrwxrwx 3 chima61 vzwusers 1024 Aug 13 12:33 raju
[chima61@sbhomda6 ~]$ pwd
/vzwhome/chima61

[chima61@sbhomda6 ~]$ ls
one  raju

[chima61@sbhomda6 ~]$ ls
one  one.txt  raju

[chima61@sbhomda6 ~]$ ls -l one.txt
-rw-r--r-- 1 chima61 vzwusers 10 Aug 13 13:43 one.txt


[chima61@sbhomda6 dd]$ chmod 777 ll
chmod: cannot access `ll': No such file or directory
[chima61@sbhomda6 dd]$ chmod 777 kk
chmod: cannot access `kk': No such file or directory
[chima61@sbhomda6 dd]$ ls
fl  KK  text.txt
[chima61@sbhomda6 dd]$ rm KK/
rm: cannot remove `KK/': Is a directory
[chima61@sbhomda6 dd]$ RMDIR KK
-bash: RMDIR: command not found
[chi
rmdir: invalid option -- r
Try `rmdir --help' for more information.
[chima61@sbhomda6 dd]$
[chima61@sbhomda6 dd]$

[chima61@sbhomda6 ~]$ ls /lib/conf*
ls: /lib/conf*: No such file or directory
[chima61@sbhomda6 ~]$
[chima61@sbhomda6 ~]$
[chima61@sbhomda6 ~]$ ls /etc
acpi
adjtime
aliases
alternatives
anacrontab
at.deny
audisp

dev.d
dhcp6c.conf



[chima61@sbhomda6 foldere]$ ls -l
total 1
-rw-r--r-- 1 chima61 vzwusers  0 Aug 13 09:08 five
-rw-r--r-- 1 chima61 vzwusers  0 Aug 13 09:08 four
-rwxrwxrwx 1 chima61 vzwusers  0 Aug 13 09:08 one
-rw-r--r-- 1 chima61 vzwusers 14 Aug 13 09:10 six.txt
-rw-r--r-- 1 chima61 vzwusers  0 Aug 13 09:08 three
-rw-r--r-- 1 chima61 vzwusers  0 Aug 13 09:08 two
[chima61@sbhomda6 foldere]$ rename one.txt
call: rename from to files...
[chima61@sbhomda6 foldere]$ rename one one.txt
[chima61@sbhomda6 foldere]$ ls
five  four  one  six.txt  three  two
[chima61@sbhomda6 foldere]$ ls
five  four  one  six.txt  three  two
[chima61@sbhomda6 foldere]$ pwd
/vzwhome/chima61/raju/foldere
[chima61@sbhomda6 foldere]$ cd ../..
[chima61@sbhomda6 ~]$ ls
one  raju
[chima61@sbhomda6 ~]$ cd  raju/
[chima61@sbhomda6 raju]$ ls
exmple.txt  file1.txt  file.txt  foldere  one.txt  two.txt
[chima61@sbhomda6 raju]$ cd /one
-bash: cd: /one: No such file or directory
[chima61@sbhomda6 raju]$ cd /one
-bash: cd: /one: No such file or directory
[chima61@sbhomda6 raju]$ cd ../one
[chima61@sbhomda6 one]$ ls
[chima61@sbhomda6 one]$ ls
[chima61@sbhomda6 one]$ cd ../raju/
[chima61@sbhomda6 raju]$ ls
exmple.txt  file1.txt  file.txt  foldere  one.txt  two.txt
[chima61@sbhomda6 raju]$ cat one.txt
lkjfdlkjfdfkldjflkd
lkfjdfd
jlkf
fkd;f
jfdf
dkidf
dkid
fdfkjd
malli
malli

[chima61@sbhomda6 raju]$ ls -h
exmple.txt  file1.txt  file.txt  foldere  one.txt  two.txt
[chima61@sbhomda6 raju]$ s
-bash: s: command not found
[chima61@sbhomda6 raju]$ ld
ld: no input files
[chima61@sbhomda6 raju]$ ls
exmple.txt  file1.txt  file.txt  foldere  one.txt  two.txt
[chima61@sbhomda6 raju]$ vi file.txt

[chima61@sbhomda6 raju]$ ls -l file1.txt
-r--rwxr-x 1 chima61 vzwusers 0 Aug  3 14:04 file1.txt
[chima61@sbhomda6 raju]$ chmod 777 file1.txt
[chima61@sbhomda6 raju]$ vi file1.txt
[chima61@sbhomda6 raju]$ vi file1.txt
[chima61@sbhomda6 raju]$ ls
exmple.txt  file1.txt  file.txt  foldere  one.txt  two.txt
[chima61@sbhomda6 raju]$ cp file1.txt  ravi/
cp: cannot create regular file `ravi/': Is a directory
[chima61@sbhomda6 raju]$ man cp

[4]+  Stopped                 man cp
[chima61@sbhomda6 raju]$ cp af file1.txt  ravi/
cp: target `ravi/' is not a directory
[chima61@sbhomda6 raju]$ cp -af file1.txt  ravi/
cp: cannot create regular file `ravi/': Is a directory
[chima61@sbhomda6 raju]$ cp -af file1.txt  ravi
[chima61@sbhomda6 raju]$ ls
exmple.txt  file1.txt  file.txt  foldere  one.txt  ravi  two.txt
[chima61@sbhomda6 raju]$ cp file1.txt ram
[chima61@sbhomda6 raju]$ ls
exmple.txt  file1.txt  file.txt  foldere  one.txt  ram  ravi  two.txt
[chima61@sbhomda6 raju]$ chmod ram
chmod: missing operand after `ram'
Try `chmod --help' for more information.
[chima61@sbhomda6 raju]$ ls -l ram
-rwxr-xr-x 1 chima61 vzwusers 97 Aug 13 10:05 ram
[chima61@sbhomda6 raju]$ ls
exmple.txt  file1.txt  file.txt  foldere  one.txt  ram  ravi  two.txt
[chima61@sbhomda6 raju]$ ls -s
total 6
0 exmple.txt  1 file1.txt  0 file.txt  1 foldere  1 one.txt  1 ram  1 ravi  1 two.txt
[chima61@sbhomda6 raju]$ ls -r
two.txt  ravi  ram  one.txt  foldere  file.txt  file1.txt  exmple.txt
[chima61@sbhomda6 raju]$
[chima61@sbhomda6 raju]$ ls -g
total 6
-rw-r--r-- 1 vzwusers    0 Aug  6 09:13 exmple.txt
-rwxrwxrwx 1 vzwusers   97 Aug 13 09:58 file1.txt
-rwxrwxrwx 1 vzwusers    0 Aug  3 14:04 file.txt
drwxr-xr-x 2 vzwusers 1024 Aug 13 09:09 foldere
-rw----rw- 1 vzwusers   97 Aug  3 12:11 one.txt
-rwxr-xr-x 1 vzwusers   97 Aug 13 10:05 ram
-rwxrwxrwx 1 vzwusers   97 Aug 13 09:58 ravi
-rw-r--r-- 1 vzwusers   65 Aug  3 12:57 two.txt
[chima61@sbhomda6 raju]$ ls -g -t
total 6
-rwxr-xr-x 1 vzwusers   97 Aug 13 10:05 ram
-rwxrwxrwx 1 vzwusers   97 Aug 13 09:58 file1.txt
-rwxrwxrwx 1 vzwusers   97 Aug 13 09:58 ravi
drwxr-xr-x 2 vzwusers 1024 Aug 13 09:09 foldere
-rw-r--r-- 1 vzwusers    0 Aug  6 09:13 exmple.txt
-rwxrwxrwx 1 vzwusers    0 Aug  3 14:04 file.txt
-rw-r--r-- 1 vzwusers   65 Aug  3 12:57 two.txt
-rw----rw- 1 vzwusers   97 Aug  3 12:11 one.txt
[chima61@sbhomda6 raju]$ ls  -t
ram  file1.txt  ravi  foldere  exmple.txt  file.txt  two.txt  one.txt
[chima61@sbhomda6 raju]$ ls -g -t
total 6
-rwxr-xr-x 1 vzwusers   97 Aug 13 10:05 ram
-rwxrwxrwx 1 vzwusers   97 Aug 13 09:58 file1.txt
-rwxrwxrwx 1 vzwusers   97 Aug 13 09:58 ravi
drwxr-xr-x 2 vzwusers 1024 Aug 13 09:09 foldere
-rw-r--r-- 1 vzwusers    0 Aug  6 09:13 exmple.txt
-rwxrwxrwx 1 vzwusers    0 Aug  3 14:04 file.txt
-rw-r--r-- 1 vzwusers   65 Aug  3 12:57 two.txt
-rw----rw- 1 vzwusers   97 Aug  3 12:11 one.txt
[chima61@sbhomda6 raju]$ ls
exmple.txt  file1.txt  file.txt  foldere  one.txt  ram  ravi  two.txt
[chima61@sbhomda6 raju]$ mv ram raj
[chima61@sbhomda6 raju]$ ls
exmple.txt  file1.txt  file.txt  foldere  one.txt  raj  ravi  two.txt
[chima61@sbhomda6 raju]$ pwd
/vzwhome/chima61/raju
[chima61@sbhomda6 raju]$ ls
exmple.txt  file1.txt  file.txt  foldere  one.txt  raj  ravi  two.txt
[chima61@sbhomda6 raju]$
[chima61@sbhomda6 raju]$
[chima61@sbhomda6 raju]$
[chima61@sbhomda6 raju]$ ls
exmple.txt  file1.txt  file.txt  foldere  one.txt  raj  ravi  two.txt
[chima61@sbhomda6 raju]$ ls /bin
arch      chown                 dbus-daemon   dnsdomainname  env      gtar      kill             logger  more           pgawk  rm       setserial  tar            traceroute     unicode_stop
awk       cp                    dbus-monitor  doexec         ex       gunzip    ksh              login   mount          ping   rmdir    sh         taskset        traceroute6    unlink
basename  cpio                  dbus-send     domainname     false    gzip      ksh93            ls      mountpoint     ping6  rpm      sleep      tcptraceroute  tracert        usleep
bash      csh                   dbus-uuidgen  dumpkeys       fgrep    hostname  link             mail    mv             ps     rvi      sort       tcsh           true           vi
cat       cut                   dd            echo           gawk     igawk     ln               mkdir   netstat        pwd    rview    stty       touch          umount         view
chgrp     date                  df            ed             gettext  ipcalc    loadkeys         mknod   nice           raw    sed      su         tracepath      uname          ypdomainname
chmod     dbus-cleanup-sockets  dmesg         egrep          grep     kbd_mode  loadkeys.static  mktemp  nisdomainname  red    setfont  sync       tracepath6     unicode_start  zcat
[chima61@sbhomda6 raju]$
[chima61@sbhomda6 raju]$
[chima61@sbhomda6 raju]$
[chima61@sbhomda6 raju]$
[chima61@sbhomda6 raju]$ ls
exmple.txt  file1.txt  file.txt  foldere  one.txt  raj  ravi  two.txt
[chima61@sbhomda6 raju]$ sort

[5]+  Stopped                 sort
[chima61@sbhomda6 raju]$ man sort

[6]+  Stopped                 man sort
[chima61@sbhomda6 raju]$ ls /sbin
accton           dhcp6c           fsfreeze                ip6tables-restore  lsmod              mkinitrd                       multipath                rdisc            slattach
addpart          dm_dso_reg_tool  fstab-decode            ip6tables-save     lspci              mkswap                         multipathd               rdump            sln
agetty           dmeventd         fuser                   ipmaddr            lspcmcia           modinfo                        multipath.static         rdump.static     start_udev
arp              dmevent_tool     generate-modprobe.conf  iptables           lsusb              modprobe                       nameif                   reboot           sulogin
arping           dmraid           genhostid               iptables-restore   lvm                mount.nfs                      nash                     resize2fs        swapoff
audispd          dmraid.static    getkey                  iptables-save      lvm.static         mount.nfs4                     netplugd                 restore          swapon
auditctl         dmsetup          grub                    iptunnel           MAKEDEV            mpath_ctl                      netreport                restorecon       sysctl
auditd           dmsetup.static   grubby                  iscsiadm           makedumpfile       mpath_prio_alua                new-kernel-pkg           restore.static   syslogd
aureport         dosfsck          grub-install            iscsid             mcstransd          mpath_prio_alua.static         nologin                  rmmod            tc
ausearch         dosfslabel       grub-md5-crypt          iscsi-iname        mdadm              mpath_prio_emc                 ntpd                     rmt              telinit
autrace          dump      libattr.so.1      libcidn.so.1            libdevmapper.so.1.02        libm.so.6                     libnss_nisplus-2.5.so  librt.so.1             libuuid.so.1
libattr.so.1.1.0  libcom_err.so.2         libdl-2.5.so                libnsl-2.5.so                 libnss_nisplus.so.2    libSegFault.so         libuuid.so.1.2
libaudit.so.0     libcom_err.so.2.1       libdl.so.2                  libnsl.so.1                   libnss_nis.so.2        libselinux.so.1        libwrap.so.0
[chima61@sbhomda6 raju]$ ls /lib/libc*
/lib/libc-2.5.so  /lib/libcap.so.1.10  /lib/libcidn.so.1     /lib/libcom_err.so.2.1  /lib/libcrypto.so.0.9.8e  /lib/libcrypt.so.1
/lib/libcap.so.1  /lib/libcidn-2.5.so  /lib/libcom_err.so.2  /lib/libcrypt-2.5.so    /lib/libcrypto.so.6       /lib/libc.so.6
[chima61@sbhomda6 raju]$
[chima61@sbhomda6 raju]$
[chima61@sbhomda6 raju]$ ls /etc
acpi                        fstab.altboot_remove.             logwatch                                      pb.settings                  selinux
adjtime                     fstab.broot                       lvm                                           pcmcia                       sensors.conf
aliases                     fstab.PREaltboot.130618-17:03:47  mailcap                                       php.d                        services
alternatives                fstab.root                        mail.rc                                       php.ini                      services.Mar-04-2013.ORIG
anacrontab                  gcrypt                            makedev.d                                     pinforc                      services.May-20-2014.ORIG
at.deny                     gofer                             man.config                                    pki                          sestatus.conf
audisp                      gpm-root.conf                     mcelog.conf                                   pm                           setuptool.d
audit                       group                             mgetty+sendfax                                ppp                          shadow
autofs_ldap_auth.conf       group-                            mime.types                                    prelink.cache                shadow-
auto.master                 group.pre_seos                    mke2fs.conf                                   prelink.conf                 shadow.old
auto.master.20171012184537  group.pre_userdel.041718          modprobe.conf                                 prelink.conf.d               shadow.pre-deploy-LIAutoMon.01-24-2014_16:30
auto.misc                   grub.conf                         modprobe.conf.old.0                           previousrootpass-history     shadow.pre-deploy-LIpatrol.03-04-2013_14:24
auto.net                filesystems                 localtime                         passwd.SeOS.bak                               rwtab.d                      xinetd.conf
fonts                       login.defs                        passwd.SeOS.bak.bak                           sasl2                        xinetd.d
fstab                       login.defs.20171012184537         patrol.d                                      scsi_id.config               yum
fstab.130618:17:03:48       logrotate.conf                    pb.cfg                                        securetty                    yum.conf
fstab.2014-05-28            logrotate.d                       pb.key                                        security                     yum.repos.d
[chima61@sbhomda6 raju]$ ls /etc/*.conf
/etc/autofs_ldap_auth.conf  /etc/grub.conf         /etc/initlog.conf  /etc/ld.so.conf      /etc/mcelog.conf    /etc/multipath.conf  /etc/reader.conf    /etc/smartd.conf    /etc/xinetd.conf
/etc/conman.conf            /etc/gssapi_mech.conf  /etc/kdump.conf    /etc/libaudit.conf   /etc/mke2fs.conf    /etc/nsswitch.conf   /etc/resolv.conf    /etc/sysctl.conf    /etc/yum.conf
/etc/dhcp6c.conf            /etc/host.conf         /etc/krb5.conf     /etc/libuser.conf    /etc/modprobe.conf  /etc/ntp.conf        /etc/sensors.conf   /etc/syslog.conf
/etc/gpm-root.conf          /etc/idmapd.conf       /etc/ldap.conf     /etc/logrotate.conf  /etc/mtools.conf    /etc/prelink.conf    /etc/sestatus.conf  /etc/updatedb.conf
[chima61@sbhomda6 raju]$
login as:
login as: chima61

 ************ WARNING: UNAUTHORIZED PERSONS, DO NOT PROCEED ************

This system is intended to be used solely by authorized users in the course of legitimate corporate business.  Users are monitored to the extent necessary to properly administer the system, to identify unauthorized users or users operating beyond their proper authority, and to investigate improper access or use. By accessing the system, you are consenting to this monitoring.  Additionally, users accessing this system agree that they understand and will comply with all Verizon Information Security and Privacy policies, including policy statements, instructions, standards and guidelines.

 ************ WARNING: UNAUTHORIZED PERSONS, DO NOT PROCEED ************

chima61@sbhomda6.vzbi.com's password:
Access denied
chima61@sbhomda6.vzbi.com's password:
Last login: Mon Aug 13 08:58:24 2018 from 14.143.6.99
[chima61@sbhomda6 ~]$
[chima61@sbhomda6 ~]$
[chima61@sbhomda6 ~]$
[chima61@sbhomda6 ~]$
[chima61@sbhomda6 ~]$
login as: chima61

 ************ WARNING: UNAUTHORIZED PERSONS, DO NOT PROCEED ************

This system is intended to be used solely by authorized users in the course of l                                                                                                                     egitimate corporate business.  Users are monitored to the extent necessary to pr                                                                                                                     operly administer the system, to identify unauthorized users or users operating                                                                                                                      beyond their proper authority, and to investigate improper access or use. By acc                                                                                                                     essing the system, you are consenting to this monitoring.  Additionally, users a                                                                                                                     ccessing this system agree that they understand and will comply with all Verizon                                                                                                                      Information Security and Privacy policies, including policy statements, instruc                                                                                                                     tions, standards and guidelines.

 ************ WARNING: UNAUTHORIZED PERSONS, DO NOT PROCEED ************

chima61@sbhomda6.vzbi.com's password:
Last login: Mon Aug 13 11:53:46 2018 from 14.143.6.99
[chima61@sbhomda6 ~]$
[chima61@sbhomda6 ~]$
[chima61@sbhomda6 ~]$ ls
one  raju
[chima61@sbhomda6 ~]$ ls raju
exmple.txt  file1.txt  file.txt  foldere  one.txt  raj  ravi  two.txt
[chima61@sbhomda6 ~]$ ls -l raju
total 6
-rw-r--r-- 1 chima61 vzwusers    0 Aug  6 09:13 exmple.txt
-rwxrwxrwx 1 chima61 vzwusers   97 Aug 13 09:58 file1.txt
-rwxrwxrwx 1 chima61 vzwusers    0 Aug  3 14:04 file.txt
drwxr-xr-x 2 chima61 vzwusers 1024 Aug 13 09:09 foldere
-rw----rw- 1 chima61 vzwusers   97 Aug  3 12:11 one.txt
-rwxr-xr-x 1 chima61 vzwusers   97 Aug 13 10:05 raj
-rwxrwxrwx 1 chima61 vzwusers   97 Aug 13 09:58 ravi
-rw-r--r-- 1 chima61 vzwusers   65 Aug  3 12:57 two.txt
[chima61@sbhomda6 ~]$ ls -l
total 2
drwxr-x--x 2 chima61 vzwusers 1024 Aug 13 09:00 one
drwxrwxrwx 3 chima61 vzwusers 1024 Aug 13 12:33 raju
[chima61@sbhomda6 ~]$ pwd
/vzwhome/chima61
[chima61@sbhomda6 ~]$ ls
one  raju
[chima61@sbhomda6 ~]$ ls
one  one.txt  raju
[chima61@sbhomda6 ~]$ ls -l one.txt
-rw-r--r-- 1 chima61 vzwusers 10 Aug 13 13:43 one.txt
[chima61@sbhomda6 ~]$ ls
one  one.txt  raju
[chima61@sbhomda6 ~]$ cd raju/
[chima61@sbhomda6 raju]$ ls
dd  exmple.txt  file1.txt  file.txt  foldere  one.txt  raj  ravi  two.txt
[chima61@sbhomda6 raju]$ cd dd/
[chima61@sbhomda6 dd]$ ls
fl  KK  one.txt  text.txt
[chima61@sbhomda6 dd]$ cd text.txt/
[chima61@sbhomda6 text.txt]$ cd kk
-bash: cd: kk: No such file or directory
[chima61@sbhomda6 text.txt]$ rm kk
rm: cannot remove `kk': No such file or directory
[chima61@sbhomda6 text.txt]$ ls -l ll
ls: ll: No such file or directory
[chima61@sbhomda6 text.txt]$ ls -l kk
ls: kk: No such file or directory
[chima61@sbhomda6 text.txt]$ ls -l
total 1
drwxr-xr-x 2 chima61 vzwusers 1024 Aug 13 13:49 text.text
[chima61@sbhomda6 text.txt]$ pwd
/vzwhome/chima61/raju/dd/text.txt
[chima61@sbhomda6 text.txt]$ ls
text.text
[chima61@sbhomda6 text.txt]$ cd ..
[chima61@sbhomda6 dd]$ ls
fl  KK  one.txt  text.txt
[chima61@sbhomda6 dd]$ rm kk
rm: cannot remove `kk': No such file or directory
[chima61@sbhomda6 dd]$ ls
fl  KK  one.txt  text.txt
[chima61@sbhomda6 dd]$ rmdir kk
rmdir: kk: No such file or directory
[chima61@sbhomda6 dd]$ ls -l kk
ls: kk: No such file or directory
[chima61@sbhomda6 dd]$ ls -l
total 4
drwxr-xr-x 2 chima61 vzwusers 1024 Aug 13 13:49 fl
drwxr-xr-x 3 chima61 vzwusers 1024 Aug 13 13:49 KK
-rw-r--r-- 1 chima61 vzwusers   10 Aug 13 13:49 one.txt
drwxr-xr-x 3 chima61 vzwusers 1024 Aug 13 13:49 text.txt
[chima61@sbhomda6 dd]$ cd kk
-bash: cd: kk: No such file or directory
[chima61@sbhomda6 dd]$ rm -f kk
[chima61@sbhomda6 dd]$ ls
fl  KK  one.txt  text.txt
[chima61@sbhomda6 dd]$ rmdir -f kk
rmdir: invalid option -- f
Try `rmdir --help' for more information.
[chima61@sbhomda6 dd]$ rmdir -f kk
rmdir: invalid option -- f
Try `rmdir --help' for more information.
[chima61@sbhomda6 dd]$ rm -f kk
[chima61@sbhomda6 dd]$ ls
fl  KK  one.txt  text.txt
[chima61@sbhomda6 dd]$ pwd
/vzwhome/chima61/raju/dd
[chima61@sbhomda6 dd]$ rm one.txt
[chima61@sbhomda6 dd]$ ls
fl  KK  text.txt
[chima61@sbhomda6 dd]$ rm text.txt
rm: cannot remove `text.txt': Is a directory
[chima61@sbhomda6 dd]$ ls -l
total 3
drwxr-xr-x 2 chima61 vzwusers 1024 Aug 13 13:49 fl
drwxr-xr-x 3 chima61 vzwusers 1024 Aug 13 13:49 KK
drwxr-xr-x 3 chima61 vzwusers 1024 Aug 13 13:49 text.txt
[chima61@sbhomda6 dd]$ chmod 777 ll
chmod: cannot access `ll': No such file or directory
[chima61@sbhomda6 dd]$ chmod 777 kk
chmod: cannot access `kk': No such file or directory
[chima61@sbhomda6 dd]$ ls
[chima61@sbhomda6 dd]$
[chima61@sbhomda6 dd]$
[chima61@sbhomda6 dd]$
[chima61@sbhomda6 dd]$ rmdir help
rmdir: help: No such file or directory
[chima61@sbhomda6 dd]$ rmdir-- help
-bash: rmdir--: command not found
[chima61@sbhomda6 dd]$ rmdir --help

Usage: rmdir [OPTION]... DIRECTORY...
Remove the DIRECTORY(ies), if they are empty.

      --ignore-fail-on-non-empty
                  ignore each failure that is solely because a directory
                  is non-empty
  -p, --parents   Remove DIRECTORY and its ancestors.  E.g., `rmdir -p a/b/c' is
                  similar to `rmdir a/b/c a/b a'.
  -v, --verbose   output a diagnostic for every directory processed
      --help     display this help and exit
      --version  output version information and exit

Report bugs to <bug-coreutils@gnu.org>.
[chima61@sbhomda6 dd]$
[chima61@sbhomda6 dd]$ rmdir -p KK
rmdir: KK: Directory not empty
[chima61@sbhomda6 dd]$ rmdir -fp KK
rmdir: invalid option -- f
Try `rmdir --help' for more information.
[chima61@sbhomda6 dd]$ rmdir -f -p KK
rmdir: invalid option -- f
Try `rmdir --help' for more information.
[chima61@sbhomda6 dd]$ rmdir -p KK
rmdir: KK: Directory not empty
[chima61@sbhomda6 dd]$ chmod 777 KK
[chima61@sbhomda6 dd]$ rmdir  KK
rmdir: KK: Directory not empty
[chima61@sbhomda6 dd]$ ls -l KK
total 6
-rw-r--r-- 1 chima61 vzwusers  275 Aug 13 13:49 cf.zip
-rw-r--r-- 1 chima61 vzwusers   17 Aug 13 13:49 Kl.txt
drwxr-xr-x 2 chima61 vzwusers 1024 Aug 13 13:49 M
-rw-r--r-- 1 chima61 vzwusers  136 Aug 13 13:49 MM.7z
-rw-r--r-- 1 chima61 vzwusers  280 Aug 13 13:49 xf.zip
-rw-r--r-- 1 chima61 vzwusers  424 Aug 13 13:49 xjf.zip
[chima61@sbhomda6 dd]$
login as: chima61

 ************ WARNING: UNAUTHORIZED PERSONS, DO NOT PROCEED ************

This system is intended to be used solely by authorized users in the course of l                                                                                                                     egitimate corporate business.  Users are monitored to the extent necessary to pr                                                                                                                     operly administer the system, to identify unauthorized users or users operating                                                                                                                      beyond their proper authority, and to investigate improper access or use. By acc                                                                                                                     essing the system, you are consenting to this monitoring.  Additionally, users a                                                                                                                     ccessing this system agree that they understand and will comply with all Verizon                                                                                                                      Information Security and Privacy policies, including policy statements, instruc                                                                                                                     tions, standards and guidelines.

 ************ WARNING: UNAUTHORIZED PERSONS, DO NOT PROCEED ************

chima61@sbhomda6.vzbi.com's password:
Last login: Mon Aug 13 14:12:21 2018 from sbhomda8.vzbi.com
[chima61@sbhomda6 ~]$
[chima61@sbhomda6 ~]$
[chima61@sbhomda6 ~]$
[chima61@sbhomda6 ~]$
[chima61@sbhomda6 ~]$
[chima61@sbhomda6 ~]$
[chima61@sbhomda6 ~]$ ls
one  one.txt  raju

[chima61@sbhomda6 ~]$ ls /lib/conf*
ls: /lib/conf*: No such file or directory

syslog.conf.032014.preloglogic
syslog.conf.032414.postloglogic
syslog.conf.032414.preloglogic
termcap
Tivoli
udev
updatedb.conf
verizonbanner
vimrc
virc
vmware-tools
wgetrc
X11
xdg
xinetd.conf
xinetd.d
yum
yum.conf
yum.repos.d
[chima61@sbhomda6 ~]$ ls /media
[chima61@sbhomda6 ~]$ ls
one  one.txt  raju
[chima61@sbhomda6 ~]$ pwd
/vzwhome/chima61
[chima61@sbhomda6 ~]$ tree
.
|-- one
|-- one.txt
`-- raju
    |-- dd
    |   |-- KK
    |   |   |-- Kl.txt
    |   |   |-- M
    |   |   |   `-- Kl.txt
    |   |   |-- MM.7z
    |   |   |-- cf.zip
    |   |   |-- xf.zip
    |   |   `-- xjf.zip
    |   |-- fl
    |   `-- text.txt
    |       `-- text.text
    |           `-- one.txt
    |-- exmple.txt
    |-- file.txt
    |-- file1.txt
    |-- foldere
    |   |-- five
    |   |-- four
    |   |-- one
    |   |-- six.txt
    |   |-- three
    |   `-- two
    |-- one.txt
    |-- raj
    |-- ravi
    |-- text.text
    |   `-- one.txt
    `-- two.txt

10 directories, 22 files
[chima61@sbhomda6 ~]$ tree raju
raju
|-- dd
|   |-- KK
|   |   |-- Kl.txt
|   |   |-- M
|   |   |   `-- Kl.txt
|   |   |-- MM.7z
|   |   |-- cf.zip
|   |   |-- xf.zip
|   |   `-- xjf.zip
|   |-- fl
|   `-- text.txt
|       `-- text.text
|           `-- one.txt
|-- exmple.txt
|-- file.txt
|-- file1.txt
|-- foldere
|   |-- five
|   |-- four
|   |-- one
|   |-- six.txt
|   |-- three
|   `-- two
|-- one.txt
|-- raj
|-- ravi
|-- text.text
|   `-- one.txt
`-- two.txt

8 directories, 21 files
[chima61@sbhomda6 ~]$ tree kk
kk [error opening dir]

0 directories, 0 files
[chima61@sbhomda6 ~]$ tree KK
KK [error opening dir]

0 directories, 0 files
[chima61@sbhomda6 ~]$ PWD
-bash: PWD: command not found
[chima61@sbhomda6 ~]$ pwd
/vzwhome/chima61
[chima61@sbhomda6 ~]$ ls
one  one.txt  raju
[chima61@sbhomda6 ~]$ tree dd
dd [error opening dir]

0 directories, 0 files
[chima61@sbhomda6 ~]$ tree reaju
reaju [error opening dir]

0 directories, 0 files
[chima61@sbhomda6 ~]$ tree raju
raju
|-- dd
|   |-- KK
|   |   |-- Kl.txt
|   |   |-- M
|   |   |   `-- Kl.txt
|   |   |-- MM.7z
|   |   |-- cf.zip
|   |   |-- xf.zip
|   |   `-- xjf.zip
|   |-- fl
|   `-- text.txt
|       `-- text.text
|           `-- one.txt
|-- exmple.txt
|-- file.txt
|-- file1.txt
|-- foldere
|   |-- five
|   |-- four
|   |-- one
|   |-- six.txt
|   |-- three
|   `-- two
|-- one.txt
|-- raj
|-- ravi
|-- text.text
|   `-- one.txt
`-- two.txt

8 directories, 21 files
[chima61@sbhomda6 ~]$ man tree
[chima61@sbhomda6 ~]$
[chima61@sbhomda6 ~]$ man tree
TREE(1)                                                                TREE(1)
================================================================================================================================

NAME
       tree - list contents of directories in a tree-like format.

SYNOPSIS
       tree  [-adfgilnopqrstuxACDFNS]  [-L  level  [-R]] [-H baseHREF] [-T title] [-o filename] [--nolinks] [-P pattern] [-I pattern] [--inodes] [--device] [--noreport] [--dirs-
       first] [--version] [--help] [directory ...]

DESCRIPTION
       Tree is a recursive directory listing program that produces a depth indented listing of files.  Color is supported ala dircolors if the LS_COLORS environment variable  is
       set,  output  is to a tty, and the -C flag is used.  With no arguments, tree lists the files in the current directory.  When directory arguments are given, tree lists all
       the files and/or directories found in the given directories each in turn.  Upon completion of listing all files/directories found, tree returns the total number of  files
       and/or directories listed.

       By default, when a symbolic link is encountered, the path that the symbolic link refers to is printed after the name of the link in the format:

           name -> real-path

       If the ‘-l’ option is given and the symbolic link refers to an actual directory, then tree will follow the path of the symbolic link as if it were a real directory.

OPTIONS
       Tree understands the following command line switches:

       --help Outputs a verbose usage listing.

       --version
              Outputs the version of tree.

       -a     All  files  are printed.  By default tree does not print hidden files (those beginning with a dot ‘.’).  In no event does tree print the file system constructs ‘.’
              (current directory) and ‘..’ (previous directory).

       -d     List directories only.

       -f     Prints the full path prefix for each file.

       -i     Makes tree not print the indentation lines, useful when used in conjunction with the -f option.

       -l     Follows symbolic links if they point to directories, as if they were directories. Symbolic links that will result in recursion are avoided when detected.

       -x     Stay on the current file-system only.  Ala find -xdev.

       -P pattern
              List only those files that match the wild-card pattern.  Note: you must use the -a option to also consider those files beginning  with  a  dot  ‘.’  for  matching.
              Valid  wildcard  operators  are  ‘*’  (any  zero or more characters), ‘?’ (any single character), ‘[...]’ (any single character listed between brackets (optional -
              (dash) for character range may be used: ex: [A-Z]), and ‘[^...]’ (any single character not listed in brackets) and ‘|’ separates alternate patterns.

       -I pattern
              Do not list those files that match the wild-card pattern.

       --noreport
  --noreport
              Omits printing of the file and directory report at the end of the tree listing.

       -p     Print the protections for each file (as per ls -l).

       -s     Print the size of each file along with the name.

       -u     Print the username, or UID # if no username is available, of the file.

       -g     Print the group name, or GID # if no group name is available, of the file.

       -D     Print the date of the last modification time for the file listed.

       --inodes
              Prints the inode number of the file or directory

       --device
              Prints the device number to which the file or directory belongs

       -F     Append a ‘/’ for directories, a ‘=’ for socket files, a ‘*’ for executable files and a ‘|’ for FIFO’s, as per ls -F

       -q     Print non-printable characters in filenames as question marks instead of the default caret notation.

       -N     Print non-printable characters as is instead of the default caret notation.

       -r     Sort the output in reverse alphabetic order.

       -t     Sort the output by last modification time instead of alphabetically.

       --dirsfirst
              List directories before files.

       -n     Turn colorization off always, over-ridden by the -C option.

       -C     Turn colorization on always, using built-in color defaults if the LS_COLORS environment variable is not set.  Useful to colorize output to a pipe.

       -A     Turn on ANSI line graphics hack when printing the indentation lines.

       -S     Turn on ASCII line graphics (useful when using linux console mode fonts). This option is now equivalent to ‘--charset=IBM437’ and will eventually be depreciated.

       -L level
              Max display depth of the directory tree.

       -R     Recursively cross down the tree each level directories (see -L option), and at each of them execute tree again adding ‘-o 00Tree.html’ as a new option.

       -H baseHREF
              Turn on HTML output, including HTTP references. Useful for ftp sites.  baseHREF gives the base ftp location when using HTML output. That is,  the  local  directory
              may  be  ‘/local/ftp/pub’,  but  it must be referenced as ‘ftp://hostname.organization.domain/pub’ (baseHREF should be ‘ftp://hostname.organization.domain’). Hint:
              don’t use ANSI lines with this option, and don’t give more than one directory in the directory list. If you wish to use colors  via  CCS  stylesheet,  use  the  -C
              option in addition to this option to force color output.



       -C     Turn colorization on always, using built-in color defaults if the LS_COLORS environment variable is not set.  Useful to colorize output to a pipe.

       -A     Turn on ANSI line graphics hack when printing the indentation lines.

       -S     Turn on ASCII line graphics (useful when using linux console mode fonts). This option is now equivalent to ‘--charset=IBM437’ and will eventually be depreciated.

       -L level
              Max display depth of the directory tree.

       -R     Recursively cross down the tree each level directories (see -L option), and at each of them execute tree again adding ‘-o 00Tree.html’ as a new option.

       -H baseHREF
              Turn on HTML output, including HTTP references. Useful for ftp sites.  baseHREF gives the base ftp location when using HTML output. That is,  the  local  directory
              may  be  ‘/local/ftp/pub’,  but  it must be referenced as ‘ftp://hostname.organization.domain/pub’ (baseHREF should be ‘ftp://hostname.organization.domain’). Hint:
              don’t use ANSI lines with this option, and don’t give more than one directory in the directory list. If you wish to use colors  via  CCS  stylesheet,  use  the  -C
              option in addition to this option to force color output.

       -T title
              Sets the title and H1 header string in HTML output mode.

       --charset charset
              Set the character set to use when outputting HTML and for line drawing.

       --nolinks
              Turns off hyperlinks in HTML output.

       -o filename
              Send output to filename.

FILES
       /etc/DIR_COLORS          System color database.
       ~/.dircolors             Users color database.

ENVIRONMENT
       LS_COLORS      Color information created by dircolors
       TREE_CHARSET   Character set for tree to use in HTML mode.
       LC_CTYPE       Locale for filename output.

AUTHOR
       Steve Baker (ice@mama.indstate.edu)
       HTML output hacked by Francesc Rocher (rocher@econ.udg.es)
       Charsets and OS/2 support by Kyosuke Tokoro (NBG01720@nifty.ne.jp)

BUGS
       Tree  does  not prune "empty" directories when the -P and -I options are used.  Tree prints directories as it comes to them, so cannot accumulate information on files and
       directories beneath the directory it is printing. Probably more.

SEE ALSO
       dircolors(1L), ls(1L), find(1L)

Tree 1.5.0   
-----------------------------------------------------                                                          

1)tree -d  : it shows directories tree only

	10 directories 

2)tree -a : it shows all hidden files also directories tree only

3)tree -P filename / foldername: it shows that file tree location 

4)tree -I filename / foldername: it not shows that file tree location 

5)tree -p   : Print the protections for each file (as per ls -l) / Permissions

6)     -g   : Print the group name, or GID # if no group name is available, of the file.

7)     -D   : Print the date of the last modification time for the file listed. 

[chima61@sbhomda6 ~]$ tree -u -p -P one.txt

[chima61@sbhomda6 ~]$ tree -u -p -dirsfirst

[chima61@sbhomda6 ~]$ tree -u -p

[chima61@sbhomda6 ~]$ tree  -g -D

[chima61@sbhomda6 ~]$ tree   -D -t

===========================================

[chima61@sbhomda6 ~]$ tree -u :  Print the username, or UID # if no username is available, of the file.
|-- [12969   ]  one
|-- [12969   ]  one.txt
`-- [12969   ]  raju
    |-- [12969   ]  dd
    |   |-- [12969   ]  KK
    |   |   |-- [12969   ]  Kl.txt
    |   |   |-- [12969   ]  M

============================================

[chima61@sbhomda6 ~]$ tree -p
|-- [drwxr-x--x]  one
|-- [-rw-r--r--]  one.txt
`-- [drwxrwxrwx]  raju
    |-- [drwxr-xr-x]  dd

===========================================

[chima61@sbhomda6 ~]$ tree -u -p -P one.txt
|-- [drwxr-x--x 12969   ]  one
|-- [-rw-r--r-- 12969   ]  one.txt
`-- [drwxrwxrwx 12969   ]  raju
    |-- [drwxr-xr-x 12969   ]  dd
    |   |-- [drwxrwxrwx 12969   ]  KK
    |   |   `-- [drwxr-xr-x 12969   ]  M
    |   |-- [drwxr-xr-x 12969   ]  fl
    |   `-- [drwxr-xr-x 12969   ]  text.txt


=============================================

1. Single file download :
=========================

The command will download single file and stores in a current directory. It also shows download progress, size, date and time while downloading.

# wget http://ftp.gnu.org/gnu/wget/wget-1.5.3.tar.gz

------------------------------------------------

2. Download file with different name

Using -O (uppercase) option, downloads file with different file name. Here we have given wget.zip file name as show below.

# wget -O wget.zip http://ftp.gnu.org/gnu/wget/wget-1.5.3.tar.gz

----------------------------------------------


PBRUN(1)                                                              PBRUN(1)

NAME
       pbrun - submit a secured task request BeyondTrust PowerBroker for Unix & Linux

SYNOPSIS
       pbrun [<options>] <command> [<command arguments>]

       -b,  --background

            --disable_optimized_runmode

       -h,  --host=<runhost>

       -l,  --local_mode

       -n,  --null_input

       -p,  --pipe_mode

       --solarisproject

       -u,  --user=<requestuser>

       -d,  --debug=connect

       -d,  --debug=time

       -d,  --debug=ttime

       -d,  --debug=log=<level>

       -d,  --debug=mlog=<level>

       -d,  --debug=glog=<level>

       -d,  --debug=llog=<level>

       --testmaster=<host>

       or

       pbrun -v | --version

       or

       pbrun --help

DESCRIPTION
       pbrun requests a secure task be run in a controlled environment.  The user prefixes the command line with pbrun. For example: pbrun backup /usr/dev/dat

       pbrun  checks  the settings file for a submitmasters entry or the netgroup @pbsubmitmasters to determine the Policy Server daemon to which it should send the request.  If
       the Policy Server daemon accepts the request, it directs a local daemon to start the task request on the runhost.

OPTIONS
       -b,  --background
              The target job is directed to ignore hangup signals. This is particularly useful for running the target program in the background.

       -d connect,    --debug=connect
              Display Policy Server connection information for debugging.

       --disable_optimized_runmode
              Disable pbrun optimization and use pblocald even when submithost and runhost are the same.  This affects only the local submithost.

       -d time,  --debug=time
              Display pbrun timing information for debugging. This is intended primarily for BeyondTrust Software Technical Support.

       -d ttime, --debug=ttime
              Display pbrun total run time for debugging.

       -d log=<level>,     --debug=log=<level>
              Generate debug trace logs for pbrun and all active PowerBroker for Unix & Linux components that will process the command.  Specify a level  number  from  1  (least
              detail) to 9 (most detail).  The resulting logs will reside in the same location as the other diagnostics log (see settings file).

       -d mlog=<level>,    --debug=mlog=<level>
              Generate debug trace log for pbmasterd that will process the command. This setting will be made permanent for that Policy Server host.  Specify a level number from
              1 (least detail) to 9 (most detail).  The resulting logs will reside in the same location as the other diagnostics log (see settings file).

       -d glog=<level>,    --debug=glog=<level>
              Generate debug trace log for pblogd that will process the command. This setting will be made permanent for that Log Server host.  Specify a  level  number  from  1
              (least detail) to 9 (most detail).  The resulting logs will reside in the same location as the other diagnostics log (see settings file).

       -d llog=<level>,    --debug=llog=<level>
              Generate  debug  trace log for pblocald that will process the command. This setting will be made permanent for that run host.  Specify a level number from 1 (least
              detail) to 9 (most detail).  The resulting logs will reside in the same location as the other diagnostics log (see settings file).

       -h,  --host=<runhost>
              Requests hostname as the run host for the secured task.

       -u,  --user=<requestuser>
              Sets the variable requestuser to username.  The policy may then decide to honor the request and set runuser and/or runeffectiveuser equal to requestuser.

       -n,  --null_input
              Redirects the standard input of pbrun to /dev/null.  You sometimes need this option to avoid interactions between pbrun and the shell that invokes it.   For  exam-
              ple,  if  you are running pbrun and start a pbrun in the background without redirecting its input away from the terminal, it will block even if no reads are posted
    -d glog=<level>,    --debug=glog=<level>
              Generate debug trace log for pblogd that will process the command. This setting will be made permanent for that Log Server host.  Specify a  level  number  from  1
              (least detail) to 9 (most detail).  The resulting logs will reside in the same location as the other diagnostics log (see settings file).

       -d llog=<level>,    --debug=llog=<level>
              Generate  debug  trace log for pblocald that will process the command. This setting will be made permanent for that run host.  Specify a level number from 1 (least
              detail) to 9 (most detail).  The resulting logs will reside in the same location as the other diagnostics log (see settings file).

       -h,  --host=<runhost>
              Requests hostname as the run host for the secured task.

       -u,  --user=<requestuser>
              Sets the variable requestuser to username.  The policy may then decide to honor the request and set runuser and/or runeffectiveuser equal to requestuser.

       -n,  --null_input
              Redirects the standard input of pbrun to /dev/null.  You sometimes need this option to avoid interactions between pbrun and the shell that invokes it.   For  exam-
              ple,  if  you are running pbrun and start a pbrun in the background without redirecting its input away from the terminal, it will block even if no reads are posted
              by the remote command.  This option corrects this situation.

       -l,  --local_mode
              Requests that the secured task run locally. Once the Policy Server’s policy accepts the request and logs its start, the target program replaces the  pbrun  on  the
              local  machine.  This  provides increased efficiency and reduced network traffic, but bypasses keystroke actions and job termination status.  This mode can be dis-
              abled in the settings file by setting allowlocalmode to false.  This can also be overridden in the policy by setting runlocalmode to 0.

       -p,  --pipe_mode
              Pipe mode. Forces the secured task to behave as if it is run in a pipeline rather than a terminal session.  This option also suppresses utmp entries, so  that  the
              session will not be recorded as a login on the runhost.

       --solarisproject
              Specifies  a  Solaris Project to associate the secured task with.  Requires that the runhost is a Solaris 9 or 10 host with the specified project, with the runuser
              as a member of that project.  Can be overridden by the policy (pb.conf runsolarisproject).

       --testmaster=<host>
              Requests host as the Policy Server host for testing the command.  The command itself is not executed.  Specify either the hostname or the IP address of the  Policy
              Server host.  You must be logged in as root to use this option.

       -v,  --version
              Display the program’s version and exit.

            --help
              Display the program’s help message and exit.

FILES
       /etc/pb.settings
              local PowerBroker for Unix & Linux submithost settings

SEE ALSO
       pbcheck(8), pbhostid(8), pblocald(8), pblog(8), pbmasterd(8), pbpasswd(8), pbreplay(8), pbsum(8)

                  Last updated: $Date: 2015/05/22 16:24:34 $          PBRUN(1)

